[MAIN] Starting PacificDB Engine...
[EnvConfig] Loaded 23 configuration entries
{"code":"engine_starting","fields":{"engine_pid":2637495,"engine_version":"1.0.0","instance_id":"engine_7edc7352824a776eabe566c71bb19d99"},"message":"PacificDB engine is starting","operation_id":"engine_7edc7352824a776eabe566c71bb19d99","severity":"info","subsystem":"engine","timestamp_ms":1791090887485}
[MAIN] Data root: /tmp/pacificdb-batch-lock-0iRgBu/data
[MAIN] Root identity: /tmp/pacificdb-batch-lock-0iRgBu/data/.pacificdb-root-identity.json
[MAIN] Root lock: /tmp/pacificdb-batch-lock-0iRgBu/data/.pacificdb-root.lock
[MAIN] WAL dir:   /tmp/pacificdb-batch-lock-0iRgBu/data/wal
[MAIN] SST dir:   /tmp/pacificdb-batch-lock-0iRgBu/data/sst
[MAIN] Backups:   /tmp/pacificdb-batch-lock-0iRgBu/backup

[MAIN] ========== CRASH RECOVERY PHASE ==========
[ENGINE] Data root initialized: /tmp/pacificdb-batch-lock-0iRgBu/data
[LSM] Initialized at: /tmp/pacificdb-batch-lock-0iRgBu/data/

[RECOVERY] Starting 6-phase recovery sequence...
[RECOVERY] Data root: /tmp/pacificdb-batch-lock-0iRgBu/data

[RECOVERY] Phase 1: Lock & Validate Directory
[RECOVERY] Last shutdown was UNCLEAN - crash recovery in progress
[RECOVERY] ✓ Directory locked, clean shutdown flag checked

[RECOVERY] Phase 2: WAL Scan & Truncate
[RECOVERY] ✓ WAL scanned, 0 records found, tail truncated

[RECOVERY] Phase 3: Replay WAL (Committed Only)
[RECOVERY] ✓ WAL ownership assigned without payload materialization

[RECOVERY] Phase 4: Restore Raft State
[RECOVERY] ✓ Raft state restored, currentTerm: 0, commitIndex: 0

[RECOVERY] Phase 5: Snapshot Restore
[RECOVERY] ✓ No snapshot found (normal)

[RECOVERY] Phase 6: Consistency Check
[RECOVERY] Invariants OK: appliedLSN=0, commitIndex=0, currentTerm=0
[RECOVERY] ✓ Consistency check passed

[RECOVERY] ✓✓✓ Recovery complete - node ready for operation ✓✓✓

[MAIN] ✓ Recovery successful, node ready to serve
[ENGINE] Data root initialized: /tmp/pacificdb-batch-lock-0iRgBu/data
[DLOG][CREATE_DB][PATH] user=system db=system base=/tmp/pacificdb-batch-lock-0iRgBu/data/system/system
[ENGINE][CREATE DB] Database already exists; preserving metadata
[ENGINE][CREATE COLLECTION] Created /tmp/pacificdb-batch-lock-0iRgBu/data/system/system/data/users.bin
[ENGINE][CREATE COLLECTION] Updated db.meta with collection metadata: {"created":1791090887,"id":"6ac1e0c794b9bcaad320eb9e","name":"users"}
[LSM] Initialized at: /tmp/pacificdb-batch-lock-0iRgBu/data/
[LSM][RESTORE] Replayed 0 WAL files
[ENGINE] No bootstrap admin seeded; set PACIFICDB_BOOTSTRAP_ADMIN_USERNAME and PACIFICDB_BOOTSTRAP_ADMIN_PASSWORD_HASH to create one
[DLOG][CREATE_DB][PATH] user=system db=pacificdb_meta base=/tmp/pacificdb-batch-lock-0iRgBu/data/system/pacificdb_meta
[LOGGER] Writing log entry
[LOGGER] Log written
[ENGINE][CREATE DB] Database created with type: binary
[ENGINE][CREATE COLLECTION] Created /tmp/pacificdb-batch-lock-0iRgBu/data/system/pacificdb_meta/data/projects.bin
[ENGINE][CREATE COLLECTION] Updated db.meta with collection metadata: {"created":1791090887,"id":"6ac1e0c794b9bcaad320eba0","name":"projects"}
[ENGINE][CREATE COLLECTION] Created /tmp/pacificdb-batch-lock-0iRgBu/data/system/pacificdb_meta/data/database_projects.bin
[ENGINE][CREATE COLLECTION] Updated db.meta with collection metadata: {"created":1791090887,"id":"6ac1e0c794b9bcaad320eba1","name":"database_projects"}
[ENGINE][CREATE COLLECTION] Created /tmp/pacificdb-batch-lock-0iRgBu/data/system/pacificdb_meta/data/media_manifests.bin
[ENGINE][CREATE COLLECTION] Updated db.meta with collection metadata: {"created":1791090887,"id":"6ac1e0c794b9bcaad320eba2","name":"media_manifests"}
[ENGINE][CREATE COLLECTION] Created /tmp/pacificdb-batch-lock-0iRgBu/data/system/pacificdb_meta/data/media_chunks.bin
[ENGINE][CREATE COLLECTION] Updated db.meta with collection metadata: {"created":1791090887,"id":"6ac1e0c794b9bcaad320eba3","name":"media_chunks"}
[ENGINE][CREATE COLLECTION] Created /tmp/pacificdb-batch-lock-0iRgBu/data/system/pacificdb_meta/data/restore_journal.bin
[ENGINE][CREATE COLLECTION] Updated db.meta with collection metadata: {"created":1791090887,"id":"6ac1e0c794b9bcaad320eba4","name":"restore_journal"}
[LIMITER] Initialized - timeout=30s, maxResult=100MB, maxScan=1000000 rows, maxResultDocs=10000
[MEMORY] malloc tuned: M_ARENA_MAX=2, M_TRIM_THRESHOLD=256KB
[MEMORY] Initialized v2.9R - Max: 4096MB, BUSY=80%, THROTTLE=90%, BULK_REJECT=95%, READ_ONLY=98%, poll=1000ms
{"code":"media_reconciled","fields":{"expired_uploads":0,"removed_orphans":0,"repaired_progress":0,"reset_verifying":0},"message":"Media upload state reconciled","severity":"info","subsystem":"media","timestamp_ms":1791090887497}
[MEMORY] Monitor thread started

[MAIN] ========== MVCC INITIALIZATION ==========
[MAIN] ✓ TXIDAllocator initialized, next TXID: 1
[MAIN] ✓ SnapshotManager initialized
[GC] Garbage collector started (interval: 5000ms)
[MAIN] ✓ GarbageCollector started
[LSM] Initialized at: /tmp/pacificdb-batch-lock-0iRgBu/data/
[GC] GC loop started
[LSM] Background maintenance started
[LSM] flush_threads=2 max_concurrent_flushes=2
[WAL] group_commit=enabled
[WAL] group_commit_interval_ms=3
[WAL] group_commit_batch_size=512
[WAL] group_commit_max_bytes=4194304
[WAL] Background flusher started, interval=3ms groupCommit=on

[MAIN] ========== SHARD MANAGER INITIALIZATION ==========
[ShardManager] Initialized 1 shard(s), replica target=3, nodes=1
[ShardManager] Started with 1 shards
[MAIN] ✓ ShardManager started with dynamic shard allocation
[ShardManager] Registered node diagnostic-1 at 127.0.0.1:38353
[MAIN] Single-node or RAFT_IS_LEADER=true, starting as LEADER
[RAFTCORE] Loaded persisted state term=0 commit=0 applied=0 source=legacy
[RAFTCORE] No Raft log entries to replay
[RAFTCORE] Worker pool configured initial=1 max=1
[RAFTCORE] Production Raft initialized node=diagnostic-1 leader=true peers=0 configuredWorkers=1 dataRoot=/tmp/pacificdb-batch-lock-0iRgBu/data
[RAFTCORE] Listener starting on port 40831
[RAFTCORE] Monitor loop waiting 10 seconds for full cluster initialization...
[RAFTCORE] Listener ready on 0.0.0.0:40831
[RAFTCORE] apply worker started node=diagnostic-1
[RAFTCORE] Production Raft started (leader=true) mode=2) circuit=0) workers=1
[MAIN] standalone_raft_bypass=true

[MAIN] ========== SERVER STARTUP ==========
[TenantManager] Initialized with 0 tenants
[SERVER] TenantManager initialized for multi-tenant isolation
[DYNAMIC-RESOURCE] ENGINE_CPU_CORES override: 16 -> 2 (concurrency cap)
[DYNAMIC-RESOURCE] CPU Cores: 2 | Target: 90%
[DYNAMIC-RESOURCE] Optimal Workers: 4 | Threads: 64
[DYNAMIC-RESOURCE] Connection Pool: 4-64 threads, queue: 32768
[CONNECTION-POOL] Initializing with 4 min threads, 64 max threads
[CONNECTION-POOL] Started 4 worker threads
[DYNAMIC-RESOURCE] DB Task Queue Partitioned: 4 shards, 2 workers/shard, queue/shard: 131072
[DB-TASK-QUEUE-PARTITIONED] Configured shards=4 workers_per_shard=2 max_queue_per_shard=131072
[SERVER] Listening on 127.0.0.1:38353 with connection pool...
[SERVER] Connection pool: 4-64 threads, max queue: 32768
[SERVER] Admission control: max connections=128 (effective inflight target), queue high watermark=24576
[SERVER] Role: LEADER
{"code":"engine_ready","fields":{"engine_pid":2637495,"host":"127.0.0.1","instance_id":"engine_7edc7352824a776eabe566c71bb19d99","port":38353},"message":"PacificDB engine is ready","operation_id":"engine_7edc7352824a776eabe566c71bb19d99","severity":"info","subsystem":"engine","timestamp_ms":1791090887500}
[SERVER] I/O model: epoll (events=256, accept_batch=256, dispatch_batch=64, coalesce_us=250, priority_scheduler=on)
[RAFTCORE] Inbound RPC pool workers=16 queue=1024
[DB-TASK-QUEUE-SHARDED] Started 2 workers across 1 shards (2 workers per shard), max queue per shard: 131072
[DB-TASK-QUEUE-SHARDED] Started 2 workers across 1 shards (2 workers per shard), max queue per shard: 131072
[DB-TASK-QUEUE-SHARDED] Started 2 workers across 1 shards (2 workers per shard), max queue per shard: 131072
[DB-TASK-QUEUE-SHARDED] Started 2 workers across 1 shards (2 workers per shard), max queue per shard: 131072
[DB-TASK-QUEUE-PARTITIONED] Started with 4 shards, 2 workers per shard, 131072 max queue per shard
{"code":"client_connected","fields":{},"message":"Client connection accepted","operation_id":"connection_1","severity":"debug","subsystem":"network","timestamp_ms":1791090887581}
{"code":"client_disconnected","fields":{"reason":"peer_closed"},"message":"Client connection closed","operation_id":"connection_1","severity":"debug","subsystem":"network","timestamp_ms":1791090887582}
{"code":"client_connected","fields":{},"message":"Client connection accepted","operation_id":"connection_3","severity":"debug","subsystem":"network","timestamp_ms":1791090887582}
[DLOG][CREATE_DB][SUBMIT] user=system db=bench type=binary raftEnabled=1 leader=1
[DLOG][CREATE_DB][APPLY_REPLICATED_ENTRY] requestId=eng_req_3 user=system db=bench type=binary
[DLOG][CREATE_DB][PATH] user=system db=bench base=/tmp/pacificdb-batch-lock-0iRgBu/data/system/bench
[LOGGER] Writing log entry
[LOGGER] Log written
[ENGINE][CREATE DB] Database created with type: binary
[DLOG][SCHEMA][RESPONSE] requestId=eng_req_3 action=createDatabase committed=true user=system db=bench
{"code":"client_disconnected","fields":{"reason":"peer_closed"},"message":"Client connection closed","operation_id":"connection_3","severity":"debug","subsystem":"network","timestamp_ms":1791090887591}
{"code":"client_connected","fields":{},"message":"Client connection accepted","operation_id":"connection_5","severity":"debug","subsystem":"network","timestamp_ms":1791090887592}
[DLOG][CREATE_COLLECTION][APPLY_REPLICATED_ENTRY] requestId=eng_req_5 user=system db=bench collection=records
[ENGINE][CREATE COLLECTION] Created /tmp/pacificdb-batch-lock-0iRgBu/data/system/bench/data/records.bin
[ENGINE][CREATE COLLECTION] Updated db.meta with collection metadata: {"created":1791090887,"id":"6ac1e0c794b9bcaad320eba6","name":"records"}
[DLOG][SCHEMA][RESPONSE] requestId=eng_req_5 action=createCollection committed=true user=system db=bench collection=records
{"code":"client_disconnected","fields":{"reason":"peer_closed"},"message":"Client connection closed","operation_id":"connection_5","severity":"debug","subsystem":"network","timestamp_ms":1791090887598}
{"code":"client_connected","fields":{},"message":"Client connection accepted","operation_id":"connection_7","severity":"debug","subsystem":"network","timestamp_ms":1791090887599}
{"code":"client_disconnected","fields":{"reason":"peer_closed"},"message":"Client connection closed","operation_id":"connection_7","severity":"debug","subsystem":"network","timestamp_ms":1791090887607}
{"code":"client_connected","fields":{},"message":"Client connection accepted","operation_id":"connection_9","severity":"debug","subsystem":"network","timestamp_ms":1791090887608}
{"code":"client_disconnected","fields":{"reason":"peer_closed"},"message":"Client connection closed","operation_id":"connection_9","severity":"debug","subsystem":"network","timestamp_ms":1791090887614}
{"code":"client_connected","fields":{},"message":"Client connection accepted","operation_id":"connection_11","severity":"debug","subsystem":"network","timestamp_ms":1791090887615}
{"code":"client_disconnected","fields":{"reason":"peer_closed"},"message":"Client connection closed","operation_id":"connection_11","severity":"debug","subsystem":"network","timestamp_ms":1791090887622}
{"code":"client_connected","fields":{},"message":"Client connection accepted","operation_id":"connection_13","severity":"debug","subsystem":"network","timestamp_ms":1791090887623}
{"code":"client_disconnected","fields":{"reason":"peer_closed"},"message":"Client connection closed","operation_id":"connection_13","severity":"debug","subsystem":"network","timestamp_ms":1791090887630}
{"code":"client_connected","fields":{},"message":"Client connection accepted","operation_id":"connection_15","severity":"debug","subsystem":"network","timestamp_ms":1791090887630}
{"code":"client_disconnected","fields":{"reason":"peer_closed"},"message":"Client connection closed","operation_id":"connection_15","severity":"debug","subsystem":"network","timestamp_ms":1791090887637}
{"code":"client_connected","fields":{},"message":"Client connection accepted","operation_id":"connection_17","severity":"debug","subsystem":"network","timestamp_ms":1791090887638}
{"code":"client_disconnected","fields":{"reason":"peer_closed"},"message":"Client connection closed","operation_id":"connection_17","severity":"debug","subsystem":"network","timestamp_ms":1791090887642}
{"code":"client_connected","fields":{},"message":"Client connection accepted","operation_id":"connection_19","severity":"debug","subsystem":"network","timestamp_ms":1791090887642}
{"code":"client_disconnected","fields":{"reason":"peer_closed"},"message":"Client connection closed","operation_id":"connection_19","severity":"debug","subsystem":"network","timestamp_ms":1791090887647}
{"code":"client_connected","fields":{},"message":"Client connection accepted","operation_id":"connection_21","severity":"debug","subsystem":"network","timestamp_ms":1791090887647}
{"code":"client_disconnected","fields":{"reason":"peer_closed"},"message":"Client connection closed","operation_id":"connection_21","severity":"debug","subsystem":"network","timestamp_ms":1791090887651}
{"code":"client_connected","fields":{},"message":"Client connection accepted","operation_id":"connection_23","severity":"debug","subsystem":"network","timestamp_ms":1791090887652}
{"code":"client_disconnected","fields":{"reason":"peer_closed"},"message":"Client connection closed","operation_id":"connection_23","severity":"debug","subsystem":"network","timestamp_ms":1791090887656}
{"code":"client_connected","fields":{},"message":"Client connection accepted","operation_id":"connection_25","severity":"debug","subsystem":"network","timestamp_ms":1791090887656}
{"code":"client_disconnected","fields":{"reason":"peer_closed"},"message":"Client connection closed","operation_id":"connection_25","severity":"debug","subsystem":"network","timestamp_ms":1791090887663}
{"code":"client_connected","fields":{},"message":"Client connection accepted","operation_id":"connection_27","severity":"debug","subsystem":"network","timestamp_ms":1791090887664}
{"code":"client_disconnected","fields":{"reason":"peer_closed"},"message":"Client connection closed","operation_id":"connection_27","severity":"debug","subsystem":"network","timestamp_ms":1791090887671}
{"code":"client_connected","fields":{},"message":"Client connection accepted","operation_id":"connection_29","severity":"debug","subsystem":"network","timestamp_ms":1791090887671}
{"code":"client_disconnected","fields":{"reason":"peer_closed"},"message":"Client connection closed","operation_id":"connection_29","severity":"debug","subsystem":"network","timestamp_ms":1791090887678}
{"code":"client_connected","fields":{},"message":"Client connection accepted","operation_id":"connection_31","severity":"debug","subsystem":"network","timestamp_ms":1791090887678}
{"code":"client_disconnected","fields":{"reason":"peer_closed"},"message":"Client connection closed","operation_id":"connection_31","severity":"debug","subsystem":"network","timestamp_ms":1791090887686}
{"code":"client_connected","fields":{},"message":"Client connection accepted","operation_id":"connection_33","severity":"debug","subsystem":"network","timestamp_ms":1791090887686}
{"code":"client_disconnected","fields":{"reason":"peer_closed"},"message":"Client connection closed","operation_id":"connection_33","severity":"debug","subsystem":"network","timestamp_ms":1791090887689}
{"code":"client_connected","fields":{},"message":"Client connection accepted","operation_id":"connection_35","severity":"debug","subsystem":"network","timestamp_ms":1791090887690}
{"code":"client_disconnected","fields":{"reason":"peer_closed"},"message":"Client connection closed","operation_id":"connection_35","severity":"debug","subsystem":"network","timestamp_ms":1791090887694}
{"code":"client_connected","fields":{},"message":"Client connection accepted","operation_id":"connection_37","severity":"debug","subsystem":"network","timestamp_ms":1791090887695}
{"code":"client_disconnected","fields":{"reason":"peer_closed"},"message":"Client connection closed","operation_id":"connection_37","severity":"debug","subsystem":"network","timestamp_ms":1791090887699}
{"code":"client_connected","fields":{},"message":"Client connection accepted","operation_id":"connection_39","severity":"debug","subsystem":"network","timestamp_ms":1791090887699}
{"code":"client_disconnected","fields":{"reason":"peer_closed"},"message":"Client connection closed","operation_id":"connection_39","severity":"debug","subsystem":"network","timestamp_ms":1791090887707}
{"code":"client_connected","fields":{},"message":"Client connection accepted","operation_id":"connection_41","severity":"debug","subsystem":"network","timestamp_ms":1791090887707}
{"code":"client_disconnected","fields":{"reason":"peer_closed"},"message":"Client connection closed","operation_id":"connection_41","severity":"debug","subsystem":"network","timestamp_ms":1791090887713}
{"code":"client_connected","fields":{},"message":"Client connection accepted","operation_id":"connection_43","severity":"debug","subsystem":"network","timestamp_ms":1791090887714}
{"code":"client_disconnected","fields":{"reason":"peer_closed"},"message":"Client connection closed","operation_id":"connection_43","severity":"debug","subsystem":"network","timestamp_ms":1791090887721}
{"code":"client_connected","fields":{},"message":"Client connection accepted","operation_id":"connection_45","severity":"debug","subsystem":"network","timestamp_ms":1791090887722}
{"code":"client_disconnected","fields":{"reason":"peer_closed"},"message":"Client connection closed","operation_id":"connection_45","severity":"debug","subsystem":"network","timestamp_ms":1791090887728}
{"code":"client_connected","fields":{},"message":"Client connection accepted","operation_id":"connection_47","severity":"debug","subsystem":"network","timestamp_ms":1791090887729}
{"code":"client_disconnected","fields":{"reason":"peer_closed"},"message":"Client connection closed","operation_id":"connection_47","severity":"debug","subsystem":"network","timestamp_ms":1791090887736}
{"code":"client_connected","fields":{},"message":"Client connection accepted","operation_id":"connection_49","severity":"debug","subsystem":"network","timestamp_ms":1791090887736}
{"code":"client_disconnected","fields":{"reason":"peer_closed"},"message":"Client connection closed","operation_id":"connection_49","severity":"debug","subsystem":"network","timestamp_ms":1791090887743}
{"code":"client_connected","fields":{},"message":"Client connection accepted","operation_id":"connection_51","severity":"debug","subsystem":"network","timestamp_ms":1791090887743}
{"code":"client_disconnected","fields":{"reason":"peer_closed"},"message":"Client connection closed","operation_id":"connection_51","severity":"debug","subsystem":"network","timestamp_ms":1791090887750}
{"code":"client_connected","fields":{},"message":"Client connection accepted","operation_id":"connection_53","severity":"debug","subsystem":"network","timestamp_ms":1791090887750}
{"code":"client_disconnected","fields":{"reason":"peer_closed"},"message":"Client connection closed","operation_id":"connection_53","severity":"debug","subsystem":"network","timestamp_ms":1791090887757}
{"code":"client_connected","fields":{},"message":"Client connection accepted","operation_id":"connection_55","severity":"debug","subsystem":"network","timestamp_ms":1791090887758}
{"code":"client_disconnected","fields":{"reason":"peer_closed"},"message":"Client connection closed","operation_id":"connection_55","severity":"debug","subsystem":"network","timestamp_ms":1791090887764}
{"code":"client_connected","fields":{},"message":"Client connection accepted","operation_id":"connection_57","severity":"debug","subsystem":"network","timestamp_ms":1791090887765}
{"code":"client_disconnected","fields":{"reason":"peer_closed"},"message":"Client connection closed","operation_id":"connection_57","severity":"debug","subsystem":"network","timestamp_ms":1791090887771}
{"code":"client_connected","fields":{},"message":"Client connection accepted","operation_id":"connection_59","severity":"debug","subsystem":"network","timestamp_ms":1791090887772}
{"code":"client_disconnected","fields":{"reason":"peer_closed"},"message":"Client connection closed","operation_id":"connection_59","severity":"debug","subsystem":"network","timestamp_ms":1791090887778}
{"code":"client_connected","fields":{},"message":"Client connection accepted","operation_id":"connection_61","severity":"debug","subsystem":"network","timestamp_ms":1791090887778}
{"code":"client_disconnected","fields":{"reason":"peer_closed"},"message":"Client connection closed","operation_id":"connection_61","severity":"debug","subsystem":"network","timestamp_ms":1791090887785}
{"code":"client_connected","fields":{},"message":"Client connection accepted","operation_id":"connection_63","severity":"debug","subsystem":"network","timestamp_ms":1791090887785}
{"code":"client_disconnected","fields":{"reason":"peer_closed"},"message":"Client connection closed","operation_id":"connection_63","severity":"debug","subsystem":"network","timestamp_ms":1791090887792}
{"code":"client_connected","fields":{},"message":"Client connection accepted","operation_id":"connection_65","severity":"debug","subsystem":"network","timestamp_ms":1791090887792}
{"code":"client_disconnected","fields":{"reason":"peer_closed"},"message":"Client connection closed","operation_id":"connection_65","severity":"debug","subsystem":"network","timestamp_ms":1791090887799}
{"code":"client_connected","fields":{},"message":"Client connection accepted","operation_id":"connection_67","severity":"debug","subsystem":"network","timestamp_ms":1791090887799}
{"code":"client_disconnected","fields":{"reason":"peer_closed"},"message":"Client connection closed","operation_id":"connection_67","severity":"debug","subsystem":"network","timestamp_ms":1791090887803}
{"code":"client_connected","fields":{},"message":"Client connection accepted","operation_id":"connection_69","severity":"debug","subsystem":"network","timestamp_ms":1791090887803}
{"code":"client_disconnected","fields":{"reason":"peer_closed"},"message":"Client connection closed","operation_id":"connection_69","severity":"debug","subsystem":"network","timestamp_ms":1791090887807}
{"code":"client_connected","fields":{},"message":"Client connection accepted","operation_id":"connection_71","severity":"debug","subsystem":"network","timestamp_ms":1791090887807}
{"code":"client_disconnected","fields":{"reason":"peer_closed"},"message":"Client connection closed","operation_id":"connection_71","severity":"debug","subsystem":"network","timestamp_ms":1791090887811}
{"code":"client_connected","fields":{},"message":"Client connection accepted","operation_id":"connection_73","severity":"debug","subsystem":"network","timestamp_ms":1791090887811}
{"code":"client_disconnected","fields":{"reason":"peer_closed"},"message":"Client connection closed","operation_id":"connection_73","severity":"debug","subsystem":"network","timestamp_ms":1791090887815}
{"code":"client_connected","fields":{},"message":"Client connection accepted","operation_id":"connection_75","severity":"debug","subsystem":"network","timestamp_ms":1791090887815}
{"code":"client_disconnected","fields":{"reason":"peer_closed"},"message":"Client connection closed","operation_id":"connection_75","severity":"debug","subsystem":"network","timestamp_ms":1791090887818}
{"code":"client_connected","fields":{},"message":"Client connection accepted","operation_id":"connection_77","severity":"debug","subsystem":"network","timestamp_ms":1791090887819}
{"code":"client_disconnected","fields":{"reason":"peer_closed"},"message":"Client connection closed","operation_id":"connection_77","severity":"debug","subsystem":"network","timestamp_ms":1791090887822}
{"code":"client_connected","fields":{},"message":"Client connection accepted","operation_id":"connection_79","severity":"debug","subsystem":"network","timestamp_ms":1791090887822}
{"code":"client_disconnected","fields":{"reason":"peer_closed"},"message":"Client connection closed","operation_id":"connection_79","severity":"debug","subsystem":"network","timestamp_ms":1791090887826}
{"code":"client_connected","fields":{},"message":"Client connection accepted","operation_id":"connection_81","severity":"debug","subsystem":"network","timestamp_ms":1791090887826}
{"code":"client_disconnected","fields":{"reason":"peer_closed"},"message":"Client connection closed","operation_id":"connection_81","severity":"debug","subsystem":"network","timestamp_ms":1791090887830}
{"code":"client_connected","fields":{},"message":"Client connection accepted","operation_id":"connection_83","severity":"debug","subsystem":"network","timestamp_ms":1791090887830}
{"code":"client_disconnected","fields":{"reason":"peer_closed"},"message":"Client connection closed","operation_id":"connection_83","severity":"debug","subsystem":"network","timestamp_ms":1791090887834}
{"code":"client_connected","fields":{},"message":"Client connection accepted","operation_id":"connection_85","severity":"debug","subsystem":"network","timestamp_ms":1791090887834}
{"code":"client_disconnected","fields":{"reason":"peer_closed"},"message":"Client connection closed","operation_id":"connection_85","severity":"debug","subsystem":"network","timestamp_ms":1791090887838}
{"code":"client_connected","fields":{},"message":"Client connection accepted","operation_id":"connection_87","severity":"debug","subsystem":"network","timestamp_ms":1791090887838}
{"code":"client_disconnected","fields":{"reason":"peer_closed"},"message":"Client connection closed","operation_id":"connection_87","severity":"debug","subsystem":"network","timestamp_ms":1791090887842}
{"code":"client_connected","fields":{},"message":"Client connection accepted","operation_id":"connection_89","severity":"debug","subsystem":"network","timestamp_ms":1791090887842}
{"code":"client_disconnected","fields":{"reason":"peer_closed"},"message":"Client connection closed","operation_id":"connection_89","severity":"debug","subsystem":"network","timestamp_ms":1791090887846}
{"code":"client_connected","fields":{},"message":"Client connection accepted","operation_id":"connection_91","severity":"debug","subsystem":"network","timestamp_ms":1791090887846}
{"code":"client_disconnected","fields":{"reason":"peer_closed"},"message":"Client connection closed","operation_id":"connection_91","severity":"debug","subsystem":"network","timestamp_ms":1791090887849}
{"code":"client_connected","fields":{},"message":"Client connection accepted","operation_id":"connection_93","severity":"debug","subsystem":"network","timestamp_ms":1791090887850}
{"code":"client_disconnected","fields":{"reason":"peer_closed"},"message":"Client connection closed","operation_id":"connection_93","severity":"debug","subsystem":"network","timestamp_ms":1791090887854}
{"code":"client_connected","fields":{},"message":"Client connection accepted","operation_id":"connection_95","severity":"debug","subsystem":"network","timestamp_ms":1791090887854}
{"code":"client_disconnected","fields":{"reason":"peer_closed"},"message":"Client connection closed","operation_id":"connection_95","severity":"debug","subsystem":"network","timestamp_ms":1791090887858}
{"code":"client_connected","fields":{},"message":"Client connection accepted","operation_id":"connection_97","severity":"debug","subsystem":"network","timestamp_ms":1791090887859}
{"code":"client_disconnected","fields":{"reason":"peer_closed"},"message":"Client connection closed","operation_id":"connection_97","severity":"debug","subsystem":"network","timestamp_ms":1791090887865}
{"code":"client_connected","fields":{},"message":"Client connection accepted","operation_id":"connection_99","severity":"debug","subsystem":"network","timestamp_ms":1791090887866}
{"code":"client_disconnected","fields":{"reason":"peer_closed"},"message":"Client connection closed","operation_id":"connection_99","severity":"debug","subsystem":"network","timestamp_ms":1791090887872}
{"code":"client_connected","fields":{},"message":"Client connection accepted","operation_id":"connection_101","severity":"debug","subsystem":"network","timestamp_ms":1791090887873}
{"code":"client_disconnected","fields":{"reason":"peer_closed"},"message":"Client connection closed","operation_id":"connection_101","severity":"debug","subsystem":"network","timestamp_ms":1791090887879}
{"code":"client_connected","fields":{},"message":"Client connection accepted","operation_id":"connection_103","severity":"debug","subsystem":"network","timestamp_ms":1791090887880}
{"code":"client_disconnected","fields":{"reason":"peer_closed"},"message":"Client connection closed","operation_id":"connection_103","severity":"debug","subsystem":"network","timestamp_ms":1791090887883}
{"code":"client_connected","fields":{},"message":"Client connection accepted","operation_id":"connection_105","severity":"debug","subsystem":"network","timestamp_ms":1791090887884}
{"code":"client_disconnected","fields":{"reason":"peer_closed"},"message":"Client connection closed","operation_id":"connection_105","severity":"debug","subsystem":"network","timestamp_ms":1791090887888}
{"code":"client_connected","fields":{},"message":"Client connection accepted","operation_id":"connection_107","severity":"debug","subsystem":"network","timestamp_ms":1791090887888}
{"code":"client_disconnected","fields":{"reason":"peer_closed"},"message":"Client connection closed","operation_id":"connection_107","severity":"debug","subsystem":"network","timestamp_ms":1791090887895}
{"code":"client_connected","fields":{},"message":"Client connection accepted","operation_id":"connection_109","severity":"debug","subsystem":"network","timestamp_ms":1791090887896}
{"code":"client_disconnected","fields":{"reason":"peer_closed"},"message":"Client connection closed","operation_id":"connection_109","severity":"debug","subsystem":"network","timestamp_ms":1791090887903}
{"code":"client_connected","fields":{},"message":"Client connection accepted","operation_id":"connection_111","severity":"debug","subsystem":"network","timestamp_ms":1791090887904}
{"code":"client_disconnected","fields":{"reason":"peer_closed"},"message":"Client connection closed","operation_id":"connection_111","severity":"debug","subsystem":"network","timestamp_ms":1791090887910}
{"code":"client_connected","fields":{},"message":"Client connection accepted","operation_id":"connection_113","severity":"debug","subsystem":"network","timestamp_ms":1791090887911}
{"code":"client_disconnected","fields":{"reason":"peer_closed"},"message":"Client connection closed","operation_id":"connection_113","severity":"debug","subsystem":"network","timestamp_ms":1791090887917}
{"code":"client_connected","fields":{},"message":"Client connection accepted","operation_id":"connection_115","severity":"debug","subsystem":"network","timestamp_ms":1791090887918}
{"code":"client_disconnected","fields":{"reason":"peer_closed"},"message":"Client connection closed","operation_id":"connection_115","severity":"debug","subsystem":"network","timestamp_ms":1791090887925}
{"code":"client_connected","fields":{},"message":"Client connection accepted","operation_id":"connection_117","severity":"debug","subsystem":"network","timestamp_ms":1791090887926}
{"code":"client_disconnected","fields":{"reason":"peer_closed"},"message":"Client connection closed","operation_id":"connection_117","severity":"debug","subsystem":"network","timestamp_ms":1791090887932}
{"code":"client_connected","fields":{},"message":"Client connection accepted","operation_id":"connection_119","severity":"debug","subsystem":"network","timestamp_ms":1791090887933}
{"code":"client_disconnected","fields":{"reason":"peer_closed"},"message":"Client connection closed","operation_id":"connection_119","severity":"debug","subsystem":"network","timestamp_ms":1791090887940}
{"code":"client_connected","fields":{},"message":"Client connection accepted","operation_id":"connection_121","severity":"debug","subsystem":"network","timestamp_ms":1791090887941}
{"code":"client_disconnected","fields":{"reason":"peer_closed"},"message":"Client connection closed","operation_id":"connection_121","severity":"debug","subsystem":"network","timestamp_ms":1791090887948}
{"code":"client_connected","fields":{},"message":"Client connection accepted","operation_id":"connection_123","severity":"debug","subsystem":"network","timestamp_ms":1791090887948}
{"code":"client_disconnected","fields":{"reason":"peer_closed"},"message":"Client connection closed","operation_id":"connection_123","severity":"debug","subsystem":"network","timestamp_ms":1791090887955}
{"code":"client_connected","fields":{},"message":"Client connection accepted","operation_id":"connection_125","severity":"debug","subsystem":"network","timestamp_ms":1791090887956}
{"code":"client_disconnected","fields":{"reason":"peer_closed"},"message":"Client connection closed","operation_id":"connection_125","severity":"debug","subsystem":"network","timestamp_ms":1791090887962}
{"code":"client_connected","fields":{},"message":"Client connection accepted","operation_id":"connection_127","severity":"debug","subsystem":"network","timestamp_ms":1791090887963}
{"code":"client_disconnected","fields":{"reason":"peer_closed"},"message":"Client connection closed","operation_id":"connection_127","severity":"debug","subsystem":"network","timestamp_ms":1791090887970}
{"code":"client_connected","fields":{},"message":"Client connection accepted","operation_id":"connection_129","severity":"debug","subsystem":"network","timestamp_ms":1791090887971}
{"code":"client_disconnected","fields":{"reason":"peer_closed"},"message":"Client connection closed","operation_id":"connection_129","severity":"debug","subsystem":"network","timestamp_ms":1791090887978}
{"code":"client_connected","fields":{},"message":"Client connection accepted","operation_id":"connection_131","severity":"debug","subsystem":"network","timestamp_ms":1791090887978}
{"code":"client_disconnected","fields":{"reason":"peer_closed"},"message":"Client connection closed","operation_id":"connection_131","severity":"debug","subsystem":"network","timestamp_ms":1791090887985}
{"code":"client_connected","fields":{},"message":"Client connection accepted","operation_id":"connection_133","severity":"debug","subsystem":"network","timestamp_ms":1791090887985}
{"code":"client_disconnected","fields":{"reason":"peer_closed"},"message":"Client connection closed","operation_id":"connection_133","severity":"debug","subsystem":"network","timestamp_ms":1791090887992}
{"code":"client_connected","fields":{},"message":"Client connection accepted","operation_id":"connection_135","severity":"debug","subsystem":"network","timestamp_ms":1791090887993}
{"code":"client_disconnected","fields":{"reason":"peer_closed"},"message":"Client connection closed","operation_id":"connection_135","severity":"debug","subsystem":"network","timestamp_ms":1791090887999}
{"code":"client_connected","fields":{},"message":"Client connection accepted","operation_id":"connection_137","severity":"debug","subsystem":"network","timestamp_ms":1791090888000}
{"code":"client_disconnected","fields":{"reason":"peer_closed"},"message":"Client connection closed","operation_id":"connection_137","severity":"debug","subsystem":"network","timestamp_ms":1791090888007}
{"code":"client_connected","fields":{},"message":"Client connection accepted","operation_id":"connection_139","severity":"debug","subsystem":"network","timestamp_ms":1791090888007}
{"code":"client_disconnected","fields":{"reason":"peer_closed"},"message":"Client connection closed","operation_id":"connection_139","severity":"debug","subsystem":"network","timestamp_ms":1791090888014}
{"code":"client_connected","fields":{},"message":"Client connection accepted","operation_id":"connection_141","severity":"debug","subsystem":"network","timestamp_ms":1791090888014}
{"code":"client_disconnected","fields":{"reason":"peer_closed"},"message":"Client connection closed","operation_id":"connection_141","severity":"debug","subsystem":"network","timestamp_ms":1791090888021}
{"code":"client_connected","fields":{},"message":"Client connection accepted","operation_id":"connection_143","severity":"debug","subsystem":"network","timestamp_ms":1791090888021}
{"code":"client_disconnected","fields":{"reason":"peer_closed"},"message":"Client connection closed","operation_id":"connection_143","severity":"debug","subsystem":"network","timestamp_ms":1791090888028}
{"code":"client_connected","fields":{},"message":"Client connection accepted","operation_id":"connection_145","severity":"debug","subsystem":"network","timestamp_ms":1791090888029}
{"code":"client_disconnected","fields":{"reason":"peer_closed"},"message":"Client connection closed","operation_id":"connection_145","severity":"debug","subsystem":"network","timestamp_ms":1791090888035}
{"code":"client_connected","fields":{},"message":"Client connection accepted","operation_id":"connection_147","severity":"debug","subsystem":"network","timestamp_ms":1791090888036}
{"code":"client_disconnected","fields":{"reason":"peer_closed"},"message":"Client connection closed","operation_id":"connection_147","severity":"debug","subsystem":"network","timestamp_ms":1791090888039}
{"code":"client_connected","fields":{},"message":"Client connection accepted","operation_id":"connection_149","severity":"debug","subsystem":"network","timestamp_ms":1791090888039}
{"code":"client_disconnected","fields":{"reason":"peer_closed"},"message":"Client connection closed","operation_id":"connection_149","severity":"debug","subsystem":"network","timestamp_ms":1791090888043}
{"code":"client_connected","fields":{},"message":"Client connection accepted","operation_id":"connection_151","severity":"debug","subsystem":"network","timestamp_ms":1791090888043}
{"code":"client_disconnected","fields":{"reason":"peer_closed"},"message":"Client connection closed","operation_id":"connection_151","severity":"debug","subsystem":"network","timestamp_ms":1791090888047}
{"code":"client_connected","fields":{},"message":"Client connection accepted","operation_id":"connection_153","severity":"debug","subsystem":"network","timestamp_ms":1791090888047}
{"code":"client_disconnected","fields":{"reason":"peer_closed"},"message":"Client connection closed","operation_id":"connection_153","severity":"debug","subsystem":"network","timestamp_ms":1791090888051}
{"code":"client_connected","fields":{},"message":"Client connection accepted","operation_id":"connection_155","severity":"debug","subsystem":"network","timestamp_ms":1791090888052}
{"code":"client_disconnected","fields":{"reason":"peer_closed"},"message":"Client connection closed","operation_id":"connection_155","severity":"debug","subsystem":"network","timestamp_ms":1791090888055}
{"code":"client_connected","fields":{},"message":"Client connection accepted","operation_id":"connection_157","severity":"debug","subsystem":"network","timestamp_ms":1791090888055}
{"code":"client_disconnected","fields":{"reason":"peer_closed"},"message":"Client connection closed","operation_id":"connection_157","severity":"debug","subsystem":"network","timestamp_ms":1791090888059}
{"code":"client_connected","fields":{},"message":"Client connection accepted","operation_id":"connection_159","severity":"debug","subsystem":"network","timestamp_ms":1791090888060}
{"code":"client_disconnected","fields":{"reason":"peer_closed"},"message":"Client connection closed","operation_id":"connection_159","severity":"debug","subsystem":"network","timestamp_ms":1791090888063}
{"code":"client_connected","fields":{},"message":"Client connection accepted","operation_id":"connection_161","severity":"debug","subsystem":"network","timestamp_ms":1791090888063}
{"code":"client_disconnected","fields":{"reason":"peer_closed"},"message":"Client connection closed","operation_id":"connection_161","severity":"debug","subsystem":"network","timestamp_ms":1791090888070}
{"code":"client_connected","fields":{},"message":"Client connection accepted","operation_id":"connection_163","severity":"debug","subsystem":"network","timestamp_ms":1791090888070}
{"code":"client_disconnected","fields":{"reason":"peer_closed"},"message":"Client connection closed","operation_id":"connection_163","severity":"debug","subsystem":"network","timestamp_ms":1791090888077}
{"code":"client_connected","fields":{},"message":"Client connection accepted","operation_id":"connection_165","severity":"debug","subsystem":"network","timestamp_ms":1791090888077}
{"code":"client_disconnected","fields":{"reason":"peer_closed"},"message":"Client connection closed","operation_id":"connection_165","severity":"debug","subsystem":"network","timestamp_ms":1791090888083}
{"code":"client_connected","fields":{},"message":"Client connection accepted","operation_id":"connection_167","severity":"debug","subsystem":"network","timestamp_ms":1791090888084}
{"code":"client_disconnected","fields":{"reason":"peer_closed"},"message":"Client connection closed","operation_id":"connection_167","severity":"debug","subsystem":"network","timestamp_ms":1791090888087}
{"code":"client_connected","fields":{},"message":"Client connection accepted","operation_id":"connection_169","severity":"debug","subsystem":"network","timestamp_ms":1791090888088}
{"code":"client_disconnected","fields":{"reason":"peer_closed"},"message":"Client connection closed","operation_id":"connection_169","severity":"debug","subsystem":"network","timestamp_ms":1791090888095}
{"code":"client_connected","fields":{},"message":"Client connection accepted","operation_id":"connection_171","severity":"debug","subsystem":"network","timestamp_ms":1791090888095}
{"code":"client_disconnected","fields":{"reason":"peer_closed"},"message":"Client connection closed","operation_id":"connection_171","severity":"debug","subsystem":"network","timestamp_ms":1791090888101}
{"code":"client_connected","fields":{},"message":"Client connection accepted","operation_id":"connection_173","severity":"debug","subsystem":"network","timestamp_ms":1791090888102}
{"code":"client_disconnected","fields":{"reason":"peer_closed"},"message":"Client connection closed","operation_id":"connection_173","severity":"debug","subsystem":"network","timestamp_ms":1791090888108}
{"code":"client_connected","fields":{},"message":"Client connection accepted","operation_id":"connection_175","severity":"debug","subsystem":"network","timestamp_ms":1791090888109}
{"code":"client_disconnected","fields":{"reason":"peer_closed"},"message":"Client connection closed","operation_id":"connection_175","severity":"debug","subsystem":"network","timestamp_ms":1791090888115}
{"code":"client_connected","fields":{},"message":"Client connection accepted","operation_id":"connection_177","severity":"debug","subsystem":"network","timestamp_ms":1791090888115}
{"code":"client_disconnected","fields":{"reason":"peer_closed"},"message":"Client connection closed","operation_id":"connection_177","severity":"debug","subsystem":"network","timestamp_ms":1791090888119}
{"code":"client_connected","fields":{},"message":"Client connection accepted","operation_id":"connection_179","severity":"debug","subsystem":"network","timestamp_ms":1791090888119}
{"code":"client_disconnected","fields":{"reason":"peer_closed"},"message":"Client connection closed","operation_id":"connection_179","severity":"debug","subsystem":"network","timestamp_ms":1791090888122}
{"code":"client_connected","fields":{},"message":"Client connection accepted","operation_id":"connection_181","severity":"debug","subsystem":"network","timestamp_ms":1791090888123}
{"code":"client_disconnected","fields":{"reason":"peer_closed"},"message":"Client connection closed","operation_id":"connection_181","severity":"debug","subsystem":"network","timestamp_ms":1791090888126}
{"code":"client_connected","fields":{},"message":"Client connection accepted","operation_id":"connection_183","severity":"debug","subsystem":"network","timestamp_ms":1791090888126}
{"code":"client_disconnected","fields":{"reason":"peer_closed"},"message":"Client connection closed","operation_id":"connection_183","severity":"debug","subsystem":"network","timestamp_ms":1791090888130}
{"code":"client_connected","fields":{},"message":"Client connection accepted","operation_id":"connection_185","severity":"debug","subsystem":"network","timestamp_ms":1791090888130}
{"code":"client_disconnected","fields":{"reason":"peer_closed"},"message":"Client connection closed","operation_id":"connection_185","severity":"debug","subsystem":"network","timestamp_ms":1791090888134}
{"code":"client_connected","fields":{},"message":"Client connection accepted","operation_id":"connection_187","severity":"debug","subsystem":"network","timestamp_ms":1791090888134}
{"code":"client_disconnected","fields":{"reason":"peer_closed"},"message":"Client connection closed","operation_id":"connection_187","severity":"debug","subsystem":"network","timestamp_ms":1791090888138}
{"code":"client_connected","fields":{},"message":"Client connection accepted","operation_id":"connection_189","severity":"debug","subsystem":"network","timestamp_ms":1791090888138}
{"code":"client_disconnected","fields":{"reason":"peer_closed"},"message":"Client connection closed","operation_id":"connection_189","severity":"debug","subsystem":"network","timestamp_ms":1791090888142}
{"code":"client_connected","fields":{},"message":"Client connection accepted","operation_id":"connection_191","severity":"debug","subsystem":"network","timestamp_ms":1791090888142}
{"code":"client_disconnected","fields":{"reason":"peer_closed"},"message":"Client connection closed","operation_id":"connection_191","severity":"debug","subsystem":"network","timestamp_ms":1791090888147}
{"code":"client_connected","fields":{},"message":"Client connection accepted","operation_id":"connection_193","severity":"debug","subsystem":"network","timestamp_ms":1791090888147}
{"code":"client_disconnected","fields":{"reason":"peer_closed"},"message":"Client connection closed","operation_id":"connection_193","severity":"debug","subsystem":"network","timestamp_ms":1791090888150}
{"code":"client_connected","fields":{},"message":"Client connection accepted","operation_id":"connection_195","severity":"debug","subsystem":"network","timestamp_ms":1791090888151}
{"code":"client_disconnected","fields":{"reason":"peer_closed"},"message":"Client connection closed","operation_id":"connection_195","severity":"debug","subsystem":"network","timestamp_ms":1791090888154}
{"code":"client_connected","fields":{},"message":"Client connection accepted","operation_id":"connection_197","severity":"debug","subsystem":"network","timestamp_ms":1791090888155}
{"code":"client_disconnected","fields":{"reason":"peer_closed"},"message":"Client connection closed","operation_id":"connection_197","severity":"debug","subsystem":"network","timestamp_ms":1791090888162}
{"code":"client_connected","fields":{},"message":"Client connection accepted","operation_id":"connection_199","severity":"debug","subsystem":"network","timestamp_ms":1791090888162}
{"code":"client_disconnected","fields":{"reason":"peer_closed"},"message":"Client connection closed","operation_id":"connection_199","severity":"debug","subsystem":"network","timestamp_ms":1791090888169}
{"code":"client_connected","fields":{},"message":"Client connection accepted","operation_id":"connection_201","severity":"debug","subsystem":"network","timestamp_ms":1791090888169}
{"code":"client_disconnected","fields":{"reason":"peer_closed"},"message":"Client connection closed","operation_id":"connection_201","severity":"debug","subsystem":"network","timestamp_ms":1791090888176}
{"code":"client_connected","fields":{},"message":"Client connection accepted","operation_id":"connection_203","severity":"debug","subsystem":"network","timestamp_ms":1791090888176}
{"code":"client_disconnected","fields":{"reason":"peer_closed"},"message":"Client connection closed","operation_id":"connection_203","severity":"debug","subsystem":"network","timestamp_ms":1791090888183}
{"code":"client_connected","fields":{},"message":"Client connection accepted","operation_id":"connection_205","severity":"debug","subsystem":"network","timestamp_ms":1791090888184}
{"code":"client_disconnected","fields":{"reason":"peer_closed"},"message":"Client connection closed","operation_id":"connection_205","severity":"debug","subsystem":"network","timestamp_ms":1791090888188}
{"code":"client_connected","fields":{},"message":"Client connection accepted","operation_id":"connection_207","severity":"debug","subsystem":"network","timestamp_ms":1791090888188}
{"code":"client_disconnected","fields":{"reason":"peer_closed"},"message":"Client connection closed","operation_id":"connection_207","severity":"debug","subsystem":"network","timestamp_ms":1791090888195}
{"code":"client_connected","fields":{},"message":"Client connection accepted","operation_id":"connection_209","severity":"debug","subsystem":"network","timestamp_ms":1791090888196}
{"code":"client_disconnected","fields":{"reason":"peer_closed"},"message":"Client connection closed","operation_id":"connection_209","severity":"debug","subsystem":"network","timestamp_ms":1791090888203}
{"code":"client_connected","fields":{},"message":"Client connection accepted","operation_id":"connection_211","severity":"debug","subsystem":"network","timestamp_ms":1791090888203}
{"code":"client_disconnected","fields":{"reason":"peer_closed"},"message":"Client connection closed","operation_id":"connection_211","severity":"debug","subsystem":"network","timestamp_ms":1791090888210}
{"code":"client_connected","fields":{},"message":"Client connection accepted","operation_id":"connection_213","severity":"debug","subsystem":"network","timestamp_ms":1791090888211}
{"code":"client_disconnected","fields":{"reason":"peer_closed"},"message":"Client connection closed","operation_id":"connection_213","severity":"debug","subsystem":"network","timestamp_ms":1791090888217}
{"code":"client_connected","fields":{},"message":"Client connection accepted","operation_id":"connection_215","severity":"debug","subsystem":"network","timestamp_ms":1791090888217}
{"code":"client_disconnected","fields":{"reason":"peer_closed"},"message":"Client connection closed","operation_id":"connection_215","severity":"debug","subsystem":"network","timestamp_ms":1791090888221}
{"code":"client_connected","fields":{},"message":"Client connection accepted","operation_id":"connection_217","severity":"debug","subsystem":"network","timestamp_ms":1791090888221}
{"code":"client_disconnected","fields":{"reason":"peer_closed"},"message":"Client connection closed","operation_id":"connection_217","severity":"debug","subsystem":"network","timestamp_ms":1791090888228}
{"code":"client_connected","fields":{},"message":"Client connection accepted","operation_id":"connection_219","severity":"debug","subsystem":"network","timestamp_ms":1791090888229}
{"code":"client_disconnected","fields":{"reason":"peer_closed"},"message":"Client connection closed","operation_id":"connection_219","severity":"debug","subsystem":"network","timestamp_ms":1791090888235}
{"code":"client_connected","fields":{},"message":"Client connection accepted","operation_id":"connection_221","severity":"debug","subsystem":"network","timestamp_ms":1791090888236}
{"code":"client_disconnected","fields":{"reason":"peer_closed"},"message":"Client connection closed","operation_id":"connection_221","severity":"debug","subsystem":"network","timestamp_ms":1791090888242}
{"code":"client_connected","fields":{},"message":"Client connection accepted","operation_id":"connection_223","severity":"debug","subsystem":"network","timestamp_ms":1791090888243}
{"code":"client_disconnected","fields":{"reason":"peer_closed"},"message":"Client connection closed","operation_id":"connection_223","severity":"debug","subsystem":"network","timestamp_ms":1791090888249}
{"code":"client_connected","fields":{},"message":"Client connection accepted","operation_id":"connection_225","severity":"debug","subsystem":"network","timestamp_ms":1791090888249}
{"code":"client_disconnected","fields":{"reason":"peer_closed"},"message":"Client connection closed","operation_id":"connection_225","severity":"debug","subsystem":"network","timestamp_ms":1791090888253}
{"code":"client_connected","fields":{},"message":"Client connection accepted","operation_id":"connection_227","severity":"debug","subsystem":"network","timestamp_ms":1791090888253}
[MAIN] Starting PacificDB Engine...
[EnvConfig] Loaded 23 configuration entries
{"code":"engine_starting","fields":{"engine_pid":2637555,"engine_version":"1.0.0","instance_id":"engine_6871452c1c75a2ff9c9c47709179aedd"},"message":"PacificDB engine is starting","operation_id":"engine_6871452c1c75a2ff9c9c47709179aedd","severity":"info","subsystem":"engine","timestamp_ms":1791090888281}
[MAIN] Data root: /tmp/pacificdb-batch-lock-0iRgBu/data
[MAIN] Root identity: /tmp/pacificdb-batch-lock-0iRgBu/data/.pacificdb-root-identity.json
[MAIN] Root lock: /tmp/pacificdb-batch-lock-0iRgBu/data/.pacificdb-root.lock
[MAIN] WAL dir:   /tmp/pacificdb-batch-lock-0iRgBu/data/wal
[MAIN] SST dir:   /tmp/pacificdb-batch-lock-0iRgBu/data/sst
[MAIN] Backups:   /tmp/pacificdb-batch-lock-0iRgBu/backup

[MAIN] ========== CRASH RECOVERY PHASE ==========
[ENGINE] Data root initialized: /tmp/pacificdb-batch-lock-0iRgBu/data
[LSM] Initialized at: /tmp/pacificdb-batch-lock-0iRgBu/data/

[RECOVERY] Starting 6-phase recovery sequence...
[RECOVERY] Data root: /tmp/pacificdb-batch-lock-0iRgBu/data

[RECOVERY] Phase 1: Lock & Validate Directory
[RECOVERY] Last shutdown was UNCLEAN - crash recovery in progress
[RECOVERY] ✓ Directory locked, clean shutdown flag checked

[RECOVERY] Phase 2: WAL Scan & Truncate
[RECOVERY] ✓ WAL scanned, 0 records found, tail truncated

[RECOVERY] Phase 3: Replay WAL (Committed Only)
[RECOVERY] ✓ WAL ownership assigned without payload materialization

[RECOVERY] Phase 4: Restore Raft State
[RECOVERY] ✓ Raft state restored, currentTerm: 0, commitIndex: 0

[RECOVERY] Phase 5: Snapshot Restore
[RECOVERY] ✓ No snapshot found (normal)

[RECOVERY] Phase 6: Consistency Check
[RECOVERY] Invariants OK: appliedLSN=0, commitIndex=0, currentTerm=0
[RECOVERY] ✓ Consistency check passed

[RECOVERY] ✓✓✓ Recovery complete - node ready for operation ✓✓✓

[MAIN] ✓ Recovery successful, node ready to serve
[ENGINE] Data root initialized: /tmp/pacificdb-batch-lock-0iRgBu/data
[DLOG][CREATE_DB][PATH] user=system db=system base=/tmp/pacificdb-batch-lock-0iRgBu/data/system/system
[ENGINE][CREATE DB] Database already exists; preserving metadata
[ENGINE][CREATE COLLECTION] Already exists: /tmp/pacificdb-batch-lock-0iRgBu/data/system/system/data/users.bin
[LSM] Initialized at: /tmp/pacificdb-batch-lock-0iRgBu/data/
[LSM][RESTORE] Replayed 1100 records from records.wal
[LSM][RESTORE] Replayed 1 WAL files
[ENGINE] No bootstrap admin seeded; set PACIFICDB_BOOTSTRAP_ADMIN_USERNAME and PACIFICDB_BOOTSTRAP_ADMIN_PASSWORD_HASH to create one
[DLOG][CREATE_DB][PATH] user=system db=pacificdb_meta base=/tmp/pacificdb-batch-lock-0iRgBu/data/system/pacificdb_meta
[ENGINE][CREATE DB] Database already exists; preserving metadata
[ENGINE][CREATE COLLECTION] Already exists: /tmp/pacificdb-batch-lock-0iRgBu/data/system/pacificdb_meta/data/projects.bin
[ENGINE][CREATE COLLECTION] Already exists: /tmp/pacificdb-batch-lock-0iRgBu/data/system/pacificdb_meta/data/database_projects.bin
[ENGINE][CREATE COLLECTION] Already exists: /tmp/pacificdb-batch-lock-0iRgBu/data/system/pacificdb_meta/data/media_manifests.bin
[ENGINE][CREATE COLLECTION] Already exists: /tmp/pacificdb-batch-lock-0iRgBu/data/system/pacificdb_meta/data/media_chunks.bin
[ENGINE][CREATE COLLECTION] Already exists: /tmp/pacificdb-batch-lock-0iRgBu/data/system/pacificdb_meta/data/restore_journal.bin
[LIMITER] Initialized - timeout=30s, maxResult=100MB, maxScan=1000000 rows, maxResultDocs=10000
[MEMORY] malloc tuned: M_ARENA_MAX=2, M_TRIM_THRESHOLD=256KB
[MEMORY] Initialized v2.9R - Max: 4096MB, BUSY=80%, THROTTLE=90%, BULK_REJECT=95%, READ_ONLY=98%, poll=1000ms
{"code":"media_reconciled","fields":{"expired_uploads":0,"removed_orphans":0,"repaired_progress":0,"reset_verifying":0},"message":"Media upload state reconciled","severity":"info","subsystem":"media","timestamp_ms":1791090888345}

[MAIN] ========== MVCC INITIALIZATION ==========
[MAIN] ✓ TXIDAllocator initialized, next TXID: 1
[MAIN] ✓ SnapshotManager initialized
[GC] Garbage collector started (interval: 5000ms)
[MAIN] ✓ GarbageCollector started
[LSM] Initialized at: /tmp/pacificdb-batch-lock-0iRgBu/data/
[MEMORY] Monitor thread started
[GC] GC loop started
[LSM] Background maintenance started
[LSM] flush_threads=2 max_concurrent_flushes=2
[WAL] group_commit=enabled
[WAL] group_commit_interval_ms=3
[WAL] group_commit_batch_size=512
[WAL] group_commit_max_bytes=4194304
[WAL] Background flusher started, interval=3ms groupCommit=on

[MAIN] ========== SHARD MANAGER INITIALIZATION ==========
[ShardManager] Loaded 1 shards from /tmp/pacificdb-batch-lock-0iRgBu/data/shard_map.json
[ShardManager] Started with 1 shards
[MAIN] ✓ ShardManager started with dynamic shard allocation
[ShardManager] Registered node diagnostic-1 at 127.0.0.1:38353
[MAIN] Single-node or RAFT_IS_LEADER=true, starting as LEADER
[RAFTCORE] Loaded persisted state term=0 commit=2 applied=2 source=checksummed
[RAFTCORE] Replaying 2 Raft log entries from raft/log.bin maxIndex=2 committedPrefix=2 recoveryMode=checksummed
[DLOG][CREATE_DB][APPLY_REPLICATED_ENTRY] requestId=eng_req_3 user=system db=bench type=binary
[DLOG][CREATE_DB][PATH] user=system db=bench base=/tmp/pacificdb-batch-lock-0iRgBu/data/system/bench
[DLOG][CREATE_COLLECTION][APPLY_REPLICATED_ENTRY] requestId=eng_req_5 user=system db=bench collection=records
[ENGINE][CREATE DB] Database already exists; preserving metadata
[ENGINE][CREATE COLLECTION] Already exists: /tmp/pacificdb-batch-lock-0iRgBu/data/system/bench/data/records.bin
[RAFTCORE] ✅ Raft log replay complete reapplied=2
[RAFTCORE] Worker pool configured initial=1 max=1
[RAFTCORE] Production Raft initialized node=diagnostic-1 leader=true peers=0 configuredWorkers=1 dataRoot=/tmp/pacificdb-batch-lock-0iRgBu/data
[RAFTCORE] Monitor loop waiting 10 seconds for full cluster initialization...
[RAFTCORE] Listener starting on port 40831
[RAFTCORE] Listener ready on 0.0.0.0:40831
[RAFTCORE] Production Raft started (leader=true) mode=2) circuit=0) workers=1
[RAFTCORE] apply worker started node=diagnostic-1
[MAIN] standalone_raft_bypass=true

[MAIN] ========== SERVER STARTUP ==========
[TenantManager] Initialized with 0 tenants
[SERVER] TenantManager initialized for multi-tenant isolation
[DYNAMIC-RESOURCE] ENGINE_CPU_CORES override: 16 -> 2 (concurrency cap)
[DYNAMIC-RESOURCE] CPU Cores: 2 | Target: 90%
[DYNAMIC-RESOURCE] Optimal Workers: 4 | Threads: 64
[DYNAMIC-RESOURCE] Connection Pool: 4-64 threads, queue: 32768
[CONNECTION-POOL] Initializing with 4 min threads, 64 max threads
[CONNECTION-POOL] Started 4 worker threads
[DYNAMIC-RESOURCE] DB Task Queue Partitioned: 4 shards, 2 workers/shard, queue/shard: 131072
[DB-TASK-QUEUE-PARTITIONED] Configured shards=4 workers_per_shard=2 max_queue_per_shard=131072
[SERVER] Listening on 127.0.0.1:38353 with connection pool...
[SERVER] Connection pool: 4-64 threads, max queue: 32768
[SERVER] Admission control: max connections=128 (effective inflight target), queue high watermark=24576
[SERVER] Role: LEADER
{"code":"engine_ready","fields":{"engine_pid":2637555,"host":"127.0.0.1","instance_id":"engine_6871452c1c75a2ff9c9c47709179aedd","port":38353},"message":"PacificDB engine is ready","operation_id":"engine_6871452c1c75a2ff9c9c47709179aedd","severity":"info","subsystem":"engine","timestamp_ms":1791090888348}
[SERVER] I/O model: epoll (events=256, accept_batch=256, dispatch_batch=64, coalesce_us=250, priority_scheduler=on)
[RAFTCORE] Inbound RPC pool workers=16 queue=1024
[DB-TASK-QUEUE-SHARDED] Started 2 workers across 1 shards (2 workers per shard), max queue per shard: 131072
[DB-TASK-QUEUE-SHARDED] Started 2 workers across 1 shards (2 workers per shard), max queue per shard: 131072
[DB-TASK-QUEUE-SHARDED] Started 2 workers across 1 shards (2 workers per shard), max queue per shard: 131072
[DB-TASK-QUEUE-SHARDED] Started 2 workers across 1 shards (2 workers per shard), max queue per shard: 131072
[DB-TASK-QUEUE-PARTITIONED] Started with 4 shards, 2 workers per shard, 131072 max queue per shard
{"code":"client_connected","fields":{},"message":"Client connection accepted","operation_id":"connection_1","severity":"debug","subsystem":"network","timestamp_ms":1791090888380}
{"code":"client_disconnected","fields":{"reason":"peer_closed"},"message":"Client connection closed","operation_id":"connection_1","severity":"debug","subsystem":"network","timestamp_ms":1791090888380}
{"code":"client_connected","fields":{},"message":"Client connection accepted","operation_id":"connection_3","severity":"debug","subsystem":"network","timestamp_ms":1791090888381}
{"code":"client_disconnected","fields":{"reason":"peer_closed"},"message":"Client connection closed","operation_id":"connection_3","severity":"debug","subsystem":"network","timestamp_ms":1791090888401}
[SERVER][SHUTDOWN] clients_interrupted elapsed_ms=0
[CONNECTION-POOL] Shutting down...
[CONNECTION-POOL] Total tasks processed: 2
[CONNECTION-POOL] Shutdown complete
[SERVER][SHUTDOWN] connection_pool_stopped elapsed_ms=46
[DB-TASK-QUEUE-SHARDED] Shutdown complete, processed=0
[DB-TASK-QUEUE-SHARDED] Shutdown complete, processed=0
[DB-TASK-QUEUE-SHARDED] Shutdown complete, processed=0
[DB-TASK-QUEUE-SHARDED] Shutdown complete, processed=0
[DB-TASK-QUEUE-PARTITIONED] Shutdown complete, processed=0
[SERVER][SHUTDOWN] db_task_queue_stopped elapsed_ms=47
[SERVER][SHUTDOWN] server_monitors_stopped elapsed_ms=47
{"code":"engine_shutdown_requested","fields":{"instance_id":"engine_6871452c1c75a2ff9c9c47709179aedd","signal":2},"message":"PacificDB engine shutdown was requested","operation_id":"engine_6871452c1c75a2ff9c9c47709179aedd","severity":"info","subsystem":"engine","timestamp_ms":1791090888450}

[MAIN] ========== SHUTDOWN PHASE ==========
[RAFTCORE] stopping operation workers
[RAFTCORE] operation workers stopped elapsed_ms=0
[RAFTCORE] apply worker stopped node=diagnostic-1
[RAFTCORE] stopping listener
[RAFTCORE] Listener exiting on port 40831
[RAFTCORE] stopped listener elapsed_ms=0
[RAFTCORE] stopping monitor
[RAFTCORE] stopped monitor elapsed_ms=0
[RAFTCORE] stopping snapshot maintenance
[RAFTCORE] stopped snapshot maintenance elapsed_ms=0
[RAFTCORE] stopping health monitor
[RAFTCORE] stopped health monitor elapsed_ms=0
[RAFTCORE] stopping adaptive controller
[RAFTCORE] stopped adaptive controller elapsed_ms=0
[RAFTCORE] stopping apply worker
[RAFTCORE] stopped apply worker elapsed_ms=0
[RAFTCORE] stopping read barrier
[RAFTCORE] stopped read barrier elapsed_ms=1
[MAIN] ✓ Raft core stopped
[MAIN][SHUTDOWN] raft_stopped elapsed_ms=5
[ShardManager] Stopped
[MAIN] ✓ ShardManager stopped
[GC] GC loop exited
[MAIN][SHUTDOWN] shard_manager_stopped elapsed_ms=1896
[MAIN][SHUTDOWN] garbage_collector_stopped elapsed_ms=1896
[GC] Garbage collector stopped (versions collected: 0)
[LSM] Force flushing all memtables...
[LSM] Force flush completed - 0 memtables flushed
[MAIN] ✓ Active LSM memtables force-flushed
[MAIN][SHUTDOWN] lsm_force_flushed elapsed_ms=1896
[LSM] Background maintenance stopping
[MAIN] ✓ LSM background tasks stopped
[MAIN][SHUTDOWN] lsm_stopped elapsed_ms=1900
[MAIN][SHUTDOWN] wal_stopped elapsed_ms=1900
[MAIN] ✓ WAL flusher stopped
[WAL] Clean shutdown marked at /tmp/pacificdb-batch-lock-0iRgBu/data/.clean_shutdown
[MAIN] ✓ Clean shutdown marker v2 written
[MAIN][SHUTDOWN] clean_marker_written elapsed_ms=1904
[MAIN][SHUTDOWN] memory_manager_stopped elapsed_ms=[MEMORY] Monitor thread stopped
1904
{"code":"engine_shutdown_complete","fields":{"clean_shutdown":true,"instance_id":"engine_6871452c1c75a2ff9c9c47709179aedd"},"message":"PacificDB engine shutdown completed","operation_id":"engine_6871452c1c75a2ff9c9c47709179aedd","severity":"info","subsystem":"engine","timestamp_ms":1791090890355}
[MAIN] Shutdown complete after signal 2
