[MAIN] Starting PacificDB Engine...
[EnvConfig] Loaded 23 configuration entries
{"code":"engine_starting","fields":{"engine_pid":2638348,"engine_version":"1.0.0","instance_id":"engine_7c4e7937daf5d322df34ab563805e40d"},"message":"PacificDB engine is starting","operation_id":"engine_7c4e7937daf5d322df34ab563805e40d","severity":"info","subsystem":"engine","timestamp_ms":1791090903636}
[MAIN] Data root: /tmp/pacificdb-batch-lock-xhoDlN/data
[MAIN] Root identity: /tmp/pacificdb-batch-lock-xhoDlN/data/.pacificdb-root-identity.json
[MAIN] Root lock: /tmp/pacificdb-batch-lock-xhoDlN/data/.pacificdb-root.lock
[MAIN] WAL dir:   /tmp/pacificdb-batch-lock-xhoDlN/data/wal
[MAIN] SST dir:   /tmp/pacificdb-batch-lock-xhoDlN/data/sst
[MAIN] Backups:   /tmp/pacificdb-batch-lock-xhoDlN/backup

[MAIN] ========== CRASH RECOVERY PHASE ==========
[ENGINE] Data root initialized: /tmp/pacificdb-batch-lock-xhoDlN/data
[LSM] Initialized at: /tmp/pacificdb-batch-lock-xhoDlN/data/

[RECOVERY] Starting 6-phase recovery sequence...
[RECOVERY] Data root: /tmp/pacificdb-batch-lock-xhoDlN/data

[RECOVERY] Phase 1: Lock & Validate Directory
[RECOVERY] Last shutdown was UNCLEAN - crash recovery in progress
[RECOVERY] ✓ Directory locked, clean shutdown flag checked

[RECOVERY] Phase 2: WAL Scan & Truncate
[RECOVERY] ✓ WAL scanned, 0 records found, tail truncated

[RECOVERY] Phase 3: Replay WAL (Committed Only)
[RECOVERY] ✓ WAL ownership assigned without payload materialization

[RECOVERY] Phase 4: Restore Raft State
[RECOVERY] ✓ Raft state restored, currentTerm: 0, commitIndex: 0

[RECOVERY] Phase 5: Snapshot Restore
[RECOVERY] ✓ No snapshot found (normal)

[RECOVERY] Phase 6: Consistency Check
[RECOVERY] Invariants OK: appliedLSN=0, commitIndex=0, currentTerm=0
[RECOVERY] ✓ Consistency check passed

[RECOVERY] ✓✓✓ Recovery complete - node ready for operation ✓✓✓

[MAIN] ✓ Recovery successful, node ready to serve
[ENGINE] Data root initialized: /tmp/pacificdb-batch-lock-xhoDlN/data
[DLOG][CREATE_DB][PATH] user=system db=system base=/tmp/pacificdb-batch-lock-xhoDlN/data/system/system
[ENGINE][CREATE DB] Database already exists; preserving metadata
[ENGINE][CREATE COLLECTION] Created /tmp/pacificdb-batch-lock-xhoDlN/data/system/system/data/users.bin
[ENGINE][CREATE COLLECTION] Updated db.meta with collection metadata: {"created":1791090903,"id":"6ac1e0d7e1e11a6b3ff32483","name":"users"}
[LSM] Initialized at: /tmp/pacificdb-batch-lock-xhoDlN/data/
[LSM][RESTORE] Replayed 0 WAL files
[ENGINE] No bootstrap admin seeded; set PACIFICDB_BOOTSTRAP_ADMIN_USERNAME and PACIFICDB_BOOTSTRAP_ADMIN_PASSWORD_HASH to create one
[DLOG][CREATE_DB][PATH] user=system db=pacificdb_meta base=/tmp/pacificdb-batch-lock-xhoDlN/data/system/pacificdb_meta
[LOGGER] Writing log entry
[LOGGER] Log written
[ENGINE][CREATE DB] Database created with type: binary
[ENGINE][CREATE COLLECTION] Created /tmp/pacificdb-batch-lock-xhoDlN/data/system/pacificdb_meta/data/projects.bin
[ENGINE][CREATE COLLECTION] Updated db.meta with collection metadata: {"created":1791090903,"id":"6ac1e0d7e1e11a6b3ff32485","name":"projects"}
[ENGINE][CREATE COLLECTION] Created /tmp/pacificdb-batch-lock-xhoDlN/data/system/pacificdb_meta/data/database_projects.bin
[ENGINE][CREATE COLLECTION] Updated db.meta with collection metadata: {"created":1791090903,"id":"6ac1e0d7e1e11a6b3ff32486","name":"database_projects"}
[ENGINE][CREATE COLLECTION] Created /tmp/pacificdb-batch-lock-xhoDlN/data/system/pacificdb_meta/data/media_manifests.bin
[ENGINE][CREATE COLLECTION] Updated db.meta with collection metadata: {"created":1791090903,"id":"6ac1e0d7e1e11a6b3ff32487","name":"media_manifests"}
[ENGINE][CREATE COLLECTION] Created /tmp/pacificdb-batch-lock-xhoDlN/data/system/pacificdb_meta/data/media_chunks.bin
[ENGINE][CREATE COLLECTION] Updated db.meta with collection metadata: {"created":1791090903,"id":"6ac1e0d7e1e11a6b3ff32488","name":"media_chunks"}
[ENGINE][CREATE COLLECTION] Created /tmp/pacificdb-batch-lock-xhoDlN/data/system/pacificdb_meta/data/restore_journal.bin
[ENGINE][CREATE COLLECTION] Updated db.meta with collection metadata: {"created":1791090903,"id":"6ac1e0d7e1e11a6b3ff32489","name":"restore_journal"}
{"code":"media_reconciled","fields":{"expired_uploads":0,"removed_orphans":0,"repaired_progress":0,"reset_verifying":0},"message":"Media upload state reconciled","severity":"info","subsystem":"media","timestamp_ms":1791090903650}
[LIMITER] Initialized - timeout=30s, maxResult=100MB, maxScan=1000000 rows, maxResultDocs=10000
[MEMORY] malloc tuned: M_ARENA_MAX=2, M_TRIM_THRESHOLD=256KB
[MEMORY] Initialized v2.9R - Max: 4096MB, BUSY=80%, THROTTLE=90%, BULK_REJECT=95%, READ_ONLY=98%, poll=1000ms
[MEMORY] Monitor thread started

[MAIN] ========== MVCC INITIALIZATION ==========
[MAIN] ✓ TXIDAllocator initialized, next TXID: 1
[MAIN] ✓ SnapshotManager initialized
[GC] Garbage collector started (interval: 5000ms)
[MAIN] ✓ GarbageCollector started
[LSM] Initialized at: /tmp/pacificdb-batch-lock-xhoDlN/data/
[GC] GC loop started
[LSM] Background maintenance started
[LSM] flush_threads=2 max_concurrent_flushes=2
[WAL] group_commit=enabled
[WAL] group_commit_interval_ms=3
[WAL] group_commit_batch_size=512
[WAL] group_commit_max_bytes=4194304
[WAL] Background flusher started, interval=3ms groupCommit=on

[MAIN] ========== SHARD MANAGER INITIALIZATION ==========
[ShardManager] Initialized 1 shard(s), replica target=3, nodes=1
[ShardManager] Started with 1 shards
[MAIN] ✓ ShardManager started with dynamic shard allocation
[ShardManager] Registered node diagnostic-1 at 127.0.0.1:46435
[MAIN] Single-node or RAFT_IS_LEADER=true, starting as LEADER
[RAFTCORE] Loaded persisted state term=0 commit=0 applied=0 source=legacy
[RAFTCORE] No Raft log entries to replay
[RAFTCORE] Worker pool configured initial=1 max=1
[RAFTCORE] Production Raft initialized node=diagnostic-1 leader=true peers=0 configuredWorkers=1 dataRoot=/tmp/pacificdb-batch-lock-xhoDlN/data
[RAFTCORE] Monitor loop waiting 10 seconds for full cluster initialization...
[RAFTCORE] Listener starting on port 45381
[RAFTCORE] Listener ready on 0.0.0.0:45381
[RAFTCORE] Production Raft started (leader=true) mode=2) circuit=0) workers=1
[MAIN] standalone_raft_bypass=true

[MAIN] ========== SERVER STARTUP ==========
[RAFTCORE] apply worker started node=diagnostic-1
[TenantManager] Initialized with 0 tenants
[SERVER] TenantManager initialized for multi-tenant isolation
[DYNAMIC-RESOURCE] ENGINE_CPU_CORES override: 16 -> 2 (concurrency cap)
[DYNAMIC-RESOURCE] CPU Cores: 2 | Target: 90%
[DYNAMIC-RESOURCE] Optimal Workers: 4 | Threads: 64
[DYNAMIC-RESOURCE] Connection Pool: 4-64 threads, queue: 32768
[CONNECTION-POOL] Initializing with 4 min threads, 64 max threads
[CONNECTION-POOL] Started 4 worker threads
[DYNAMIC-RESOURCE] DB Task Queue Partitioned: 4 shards, 2 workers/shard, queue/shard: 131072
[DB-TASK-QUEUE-PARTITIONED] Configured shards=4 workers_per_shard=2 max_queue_per_shard=131072
[SERVER] Listening on 127.0.0.1:46435 with connection pool...
[SERVER] Connection pool: 4-64 threads, max queue: 32768
[SERVER] Admission control: max connections=128 (effective inflight target), queue high watermark=24576
[SERVER] Role: LEADER
{"code":"engine_ready","fields":{"engine_pid":2638348,"host":"127.0.0.1","instance_id":"engine_7c4e7937daf5d322df34ab563805e40d","port":46435},"message":"PacificDB engine is ready","operation_id":"engine_7c4e7937daf5d322df34ab563805e40d","severity":"info","subsystem":"engine","timestamp_ms":1791090903653}
[SERVER] I/O model: epoll (events=256, accept_batch=256, dispatch_batch=64, coalesce_us=250, priority_scheduler=on)
[RAFTCORE] Inbound RPC pool workers=16 queue=1024
[DB-TASK-QUEUE-SHARDED] Started 2 workers across 1 shards (2 workers per shard), max queue per shard: 131072
[DB-TASK-QUEUE-SHARDED] Started 2 workers across 1 shards (2 workers per shard), max queue per shard: 131072
[DB-TASK-QUEUE-SHARDED] Started 2 workers across 1 shards (2 workers per shard), max queue per shard: 131072
[DB-TASK-QUEUE-SHARDED] Started 2 workers across 1 shards (2 workers per shard), max queue per shard: 131072
[DB-TASK-QUEUE-PARTITIONED] Started with 4 shards, 2 workers per shard, 131072 max queue per shard
{"code":"client_connected","fields":{},"message":"Client connection accepted","operation_id":"connection_1","severity":"debug","subsystem":"network","timestamp_ms":1791090903732}
{"code":"client_disconnected","fields":{"reason":"peer_closed"},"message":"Client connection closed","operation_id":"connection_1","severity":"debug","subsystem":"network","timestamp_ms":1791090903733}
{"code":"client_connected","fields":{},"message":"Client connection accepted","operation_id":"connection_3","severity":"debug","subsystem":"network","timestamp_ms":1791090903734}
[DLOG][CREATE_DB][SUBMIT] user=system db=bench type=binary raftEnabled=1 leader=1
[DLOG][CREATE_DB][APPLY_REPLICATED_ENTRY] requestId=eng_req_3 user=system db=bench type=binary
[DLOG][CREATE_DB][PATH] user=system db=bench base=/tmp/pacificdb-batch-lock-xhoDlN/data/system/bench
[LOGGER] Writing log entry
[LOGGER] Log written
[ENGINE][CREATE DB] Database created with type: binary
[DLOG][SCHEMA][RESPONSE] requestId=eng_req_3 action=createDatabase committed=true user=system db=bench
{"code":"client_disconnected","fields":{"reason":"peer_closed"},"message":"Client connection closed","operation_id":"connection_3","severity":"debug","subsystem":"network","timestamp_ms":1791090903741}
{"code":"client_connected","fields":{},"message":"Client connection accepted","operation_id":"connection_5","severity":"debug","subsystem":"network","timestamp_ms":1791090903741}
[DLOG][CREATE_COLLECTION][APPLY_REPLICATED_ENTRY] requestId=eng_req_5 user=system db=bench collection=records
[ENGINE][CREATE COLLECTION] Created /tmp/pacificdb-batch-lock-xhoDlN/data/system/bench/data/records.bin
[ENGINE][CREATE COLLECTION] Updated db.meta with collection metadata: {"created":1791090903,"id":"6ac1e0d7e1e11a6b3ff3248b","name":"records"}
[DLOG][SCHEMA][RESPONSE] requestId=eng_req_5 action=createCollection committed=true user=system db=bench collection=records
{"code":"client_disconnected","fields":{"reason":"peer_closed"},"message":"Client connection closed","operation_id":"connection_5","severity":"debug","subsystem":"network","timestamp_ms":1791090903748}
{"code":"client_connected","fields":{},"message":"Client connection accepted","operation_id":"connection_7","severity":"debug","subsystem":"network","timestamp_ms":1791090903749}
{"code":"client_disconnected","fields":{"reason":"peer_closed"},"message":"Client connection closed","operation_id":"connection_7","severity":"debug","subsystem":"network","timestamp_ms":1791090903759}
{"code":"client_connected","fields":{},"message":"Client connection accepted","operation_id":"connection_9","severity":"debug","subsystem":"network","timestamp_ms":1791090903759}
{"code":"client_disconnected","fields":{"reason":"peer_closed"},"message":"Client connection closed","operation_id":"connection_9","severity":"debug","subsystem":"network","timestamp_ms":1791090903766}
{"code":"client_connected","fields":{},"message":"Client connection accepted","operation_id":"connection_11","severity":"debug","subsystem":"network","timestamp_ms":1791090903767}
{"code":"client_disconnected","fields":{"reason":"peer_closed"},"message":"Client connection closed","operation_id":"connection_11","severity":"debug","subsystem":"network","timestamp_ms":1791090903774}
{"code":"client_connected","fields":{},"message":"Client connection accepted","operation_id":"connection_13","severity":"debug","subsystem":"network","timestamp_ms":1791090903774}
{"code":"client_disconnected","fields":{"reason":"peer_closed"},"message":"Client connection closed","operation_id":"connection_13","severity":"debug","subsystem":"network","timestamp_ms":1791090903781}
{"code":"client_connected","fields":{},"message":"Client connection accepted","operation_id":"connection_15","severity":"debug","subsystem":"network","timestamp_ms":1791090903782}
{"code":"client_disconnected","fields":{"reason":"peer_closed"},"message":"Client connection closed","operation_id":"connection_15","severity":"debug","subsystem":"network","timestamp_ms":1791090903789}
{"code":"client_connected","fields":{},"message":"Client connection accepted","operation_id":"connection_17","severity":"debug","subsystem":"network","timestamp_ms":1791090903789}
{"code":"client_disconnected","fields":{"reason":"peer_closed"},"message":"Client connection closed","operation_id":"connection_17","severity":"debug","subsystem":"network","timestamp_ms":1791090903796}
{"code":"client_connected","fields":{},"message":"Client connection accepted","operation_id":"connection_19","severity":"debug","subsystem":"network","timestamp_ms":1791090903797}
{"code":"client_disconnected","fields":{"reason":"peer_closed"},"message":"Client connection closed","operation_id":"connection_19","severity":"debug","subsystem":"network","timestamp_ms":1791090903803}
{"code":"client_connected","fields":{},"message":"Client connection accepted","operation_id":"connection_21","severity":"debug","subsystem":"network","timestamp_ms":1791090903804}
{"code":"client_disconnected","fields":{"reason":"peer_closed"},"message":"Client connection closed","operation_id":"connection_21","severity":"debug","subsystem":"network","timestamp_ms":1791090903810}
{"code":"client_connected","fields":{},"message":"Client connection accepted","operation_id":"connection_23","severity":"debug","subsystem":"network","timestamp_ms":1791090903810}
{"code":"client_disconnected","fields":{"reason":"peer_closed"},"message":"Client connection closed","operation_id":"connection_23","severity":"debug","subsystem":"network","timestamp_ms":1791090903815}
{"code":"client_connected","fields":{},"message":"Client connection accepted","operation_id":"connection_25","severity":"debug","subsystem":"network","timestamp_ms":1791090903815}
{"code":"client_disconnected","fields":{"reason":"peer_closed"},"message":"Client connection closed","operation_id":"connection_25","severity":"debug","subsystem":"network","timestamp_ms":1791090903824}
{"code":"client_connected","fields":{},"message":"Client connection accepted","operation_id":"connection_27","severity":"debug","subsystem":"network","timestamp_ms":1791090903826}
{"code":"client_connected","fields":{},"message":"Client connection accepted","operation_id":"connection_28","severity":"debug","subsystem":"network","timestamp_ms":1791090903827}
{"code":"client_connected","fields":{},"message":"Client connection accepted","operation_id":"connection_29","severity":"debug","subsystem":"network","timestamp_ms":1791090903827}
{"code":"client_connected","fields":{},"message":"Client connection accepted","operation_id":"connection_30","severity":"debug","subsystem":"network","timestamp_ms":1791090903827}
{"code":"client_disconnected","fields":{"reason":"peer_closed"},"message":"Client connection closed","operation_id":"connection_27","severity":"debug","subsystem":"network","timestamp_ms":1791090903831}
{"code":"client_connected","fields":{},"message":"Client connection accepted","operation_id":"connection_32","severity":"debug","subsystem":"network","timestamp_ms":1791090903831}
{"code":"client_disconnected","fields":{"reason":"peer_closed"},"message":"Client connection closed","operation_id":"connection_30","severity":"debug","subsystem":"network","timestamp_ms":1791090903836}
{"code":"client_connected","fields":{},"message":"Client connection accepted","operation_id":"connection_35","severity":"debug","subsystem":"network","timestamp_ms":1791090903836}
{"code":"client_disconnected","fields":{"reason":"peer_closed"},"message":"Client connection closed","operation_id":"connection_29","severity":"debug","subsystem":"network","timestamp_ms":1791090903837}
{"code":"client_connected","fields":{},"message":"Client connection accepted","operation_id":"connection_38","severity":"debug","subsystem":"network","timestamp_ms":1791090903837}
{"code":"client_disconnected","fields":{"reason":"peer_closed"},"message":"Client connection closed","operation_id":"connection_28","severity":"debug","subsystem":"network","timestamp_ms":1791090903837}
{"code":"client_connected","fields":{},"message":"Client connection accepted","operation_id":"connection_39","severity":"debug","subsystem":"network","timestamp_ms":1791090903837}
{"code":"client_disconnected","fields":{"reason":"peer_closed"},"message":"Client connection closed","operation_id":"connection_32","severity":"debug","subsystem":"network","timestamp_ms":1791090903838}
{"code":"client_connected","fields":{},"message":"Client connection accepted","operation_id":"connection_40","severity":"debug","subsystem":"network","timestamp_ms":1791090903838}
{"code":"client_disconnected","fields":{"reason":"peer_closed"},"message":"Client connection closed","operation_id":"connection_35","severity":"debug","subsystem":"network","timestamp_ms":1791090903841}
{"code":"client_connected","fields":{},"message":"Client connection accepted","operation_id":"connection_42","severity":"debug","subsystem":"network","timestamp_ms":1791090903841}
{"code":"client_disconnected","fields":{"reason":"peer_closed"},"message":"Client connection closed","operation_id":"connection_38","severity":"debug","subsystem":"network","timestamp_ms":1791090903846}
{"code":"client_connected","fields":{},"message":"Client connection accepted","operation_id":"connection_44","severity":"debug","subsystem":"network","timestamp_ms":1791090903846}
{"code":"client_disconnected","fields":{"reason":"peer_closed"},"message":"Client connection closed","operation_id":"connection_42","severity":"debug","subsystem":"network","timestamp_ms":1791090903846}
{"code":"client_connected","fields":{},"message":"Client connection accepted","operation_id":"connection_48","severity":"debug","subsystem":"network","timestamp_ms":1791090903846}
{"code":"client_disconnected","fields":{"reason":"peer_closed"},"message":"Client connection closed","operation_id":"connection_40","severity":"debug","subsystem":"network","timestamp_ms":1791090903847}
{"code":"client_connected","fields":{},"message":"Client connection accepted","operation_id":"connection_49","severity":"debug","subsystem":"network","timestamp_ms":1791090903847}
{"code":"client_disconnected","fields":{"reason":"peer_closed"},"message":"Client connection closed","operation_id":"connection_39","severity":"debug","subsystem":"network","timestamp_ms":1791090903848}
{"code":"client_connected","fields":{},"message":"Client connection accepted","operation_id":"connection_50","severity":"debug","subsystem":"network","timestamp_ms":1791090903848}
{"code":"client_disconnected","fields":{"reason":"peer_closed"},"message":"Client connection closed","operation_id":"connection_49","severity":"debug","subsystem":"network","timestamp_ms":1791090903853}
{"code":"client_connected","fields":{},"message":"Client connection accepted","operation_id":"connection_53","severity":"debug","subsystem":"network","timestamp_ms":1791090903853}
{"code":"client_disconnected","fields":{"reason":"peer_closed"},"message":"Client connection closed","operation_id":"connection_44","severity":"debug","subsystem":"network","timestamp_ms":1791090903854}
{"code":"client_connected","fields":{},"message":"Client connection accepted","operation_id":"connection_55","severity":"debug","subsystem":"network","timestamp_ms":1791090903854}
{"code":"client_connected","fields":{},"message":"Client connection accepted","operation_id":"connection_56","severity":"debug","subsystem":"network","timestamp_ms":1791090903854}
{"code":"client_connected","fields":{},"message":"Client connection accepted","operation_id":"connection_57","severity":"debug","subsystem":"network","timestamp_ms":1791090903854}
{"code":"client_connected","fields":{},"message":"Client connection accepted","operation_id":"connection_58","severity":"debug","subsystem":"network","timestamp_ms":1791090903854}
{"code":"client_disconnected","fields":{"reason":"peer_closed"},"message":"Client connection closed","operation_id":"connection_48","severity":"debug","subsystem":"network","timestamp_ms":1791090903855}
{"code":"client_connected","fields":{},"message":"Client connection accepted","operation_id":"connection_59","severity":"debug","subsystem":"network","timestamp_ms":1791090903855}
[CONNECTION-POOL] Scaled up to 7 threads (queued=3, idle=0, shortage=3)
{"code":"client_disconnected","fields":{"reason":"peer_closed"},"message":"Client connection closed","operation_id":"connection_50","severity":"debug","subsystem":"network","timestamp_ms":1791090903858}
{"code":"client_connected","fields":{},"message":"Client connection accepted","operation_id":"connection_61","severity":"debug","subsystem":"network","timestamp_ms":1791090903858}
{"code":"client_disconnected","fields":{"reason":"peer_closed"},"message":"Client connection closed","operation_id":"connection_55","severity":"debug","subsystem":"network","timestamp_ms":1791090903861}
{"code":"client_connected","fields":{},"message":"Client connection accepted","operation_id":"connection_63","severity":"debug","subsystem":"network","timestamp_ms":1791090903861}
{"code":"client_disconnected","fields":{"reason":"peer_closed"},"message":"Client connection closed","operation_id":"connection_59","severity":"debug","subsystem":"network","timestamp_ms":1791090903862}
{"code":"client_connected","fields":{},"message":"Client connection accepted","operation_id":"connection_66","severity":"debug","subsystem":"network","timestamp_ms":1791090903862}
{"code":"client_disconnected","fields":{"reason":"peer_closed"},"message":"Client connection closed","operation_id":"connection_56","severity":"debug","subsystem":"network","timestamp_ms":1791090903862}
{"code":"client_connected","fields":{},"message":"Client connection accepted","operation_id":"connection_68","severity":"debug","subsystem":"network","timestamp_ms":1791090903862}
{"code":"client_disconnected","fields":{"reason":"peer_closed"},"message":"Client connection closed","operation_id":"connection_57","severity":"debug","subsystem":"network","timestamp_ms":1791090903863}
{"code":"client_connected","fields":{},"message":"Client connection accepted","operation_id":"connection_71","severity":"debug","subsystem":"network","timestamp_ms":1791090903863}
{"code":"client_disconnected","fields":{"reason":"peer_closed"},"message":"Client connection closed","operation_id":"connection_53","severity":"debug","subsystem":"network","timestamp_ms":1791090903863}
{"code":"client_connected","fields":{},"message":"Client connection accepted","operation_id":"connection_72","severity":"debug","subsystem":"network","timestamp_ms":1791090903863}
{"code":"client_disconnected","fields":{"reason":"peer_closed"},"message":"Client connection closed","operation_id":"connection_58","severity":"debug","subsystem":"network","timestamp_ms":1791090903863}
{"code":"client_connected","fields":{},"message":"Client connection accepted","operation_id":"connection_73","severity":"debug","subsystem":"network","timestamp_ms":1791090903863}
{"code":"client_disconnected","fields":{"reason":"peer_closed"},"message":"Client connection closed","operation_id":"connection_66","severity":"debug","subsystem":"network","timestamp_ms":1791090903865}
{"code":"client_connected","fields":{},"message":"Client connection accepted","operation_id":"connection_75","severity":"debug","subsystem":"network","timestamp_ms":1791090903865}
{"code":"client_disconnected","fields":{"reason":"peer_closed"},"message":"Client connection closed","operation_id":"connection_68","severity":"debug","subsystem":"network","timestamp_ms":1791090903865}
{"code":"client_connected","fields":{},"message":"Client connection accepted","operation_id":"connection_78","severity":"debug","subsystem":"network","timestamp_ms":1791090903865}
{"code":"client_disconnected","fields":{"reason":"peer_closed"},"message":"Client connection closed","operation_id":"connection_61","severity":"debug","subsystem":"network","timestamp_ms":1791090903866}
{"code":"client_connected","fields":{},"message":"Client connection accepted","operation_id":"connection_80","severity":"debug","subsystem":"network","timestamp_ms":1791090903866}
{"code":"client_disconnected","fields":{"reason":"peer_closed"},"message":"Client connection closed","operation_id":"connection_63","severity":"debug","subsystem":"network","timestamp_ms":1791090903866}
{"code":"client_connected","fields":{},"message":"Client connection accepted","operation_id":"connection_81","severity":"debug","subsystem":"network","timestamp_ms":1791090903866}
{"code":"client_disconnected","fields":{"reason":"peer_closed"},"message":"Client connection closed","operation_id":"connection_75","severity":"debug","subsystem":"network","timestamp_ms":1791090903869}
{"code":"client_connected","fields":{},"message":"Client connection accepted","operation_id":"connection_85","severity":"debug","subsystem":"network","timestamp_ms":1791090903869}
{"code":"client_disconnected","fields":{"reason":"peer_closed"},"message":"Client connection closed","operation_id":"connection_71","severity":"debug","subsystem":"network","timestamp_ms":1791090903869}
{"code":"client_connected","fields":{},"message":"Client connection accepted","operation_id":"connection_87","severity":"debug","subsystem":"network","timestamp_ms":1791090903869}
{"code":"client_disconnected","fields":{"reason":"peer_closed"},"message":"Client connection closed","operation_id":"connection_78","severity":"debug","subsystem":"network","timestamp_ms":1791090903869}
{"code":"client_connected","fields":{},"message":"Client connection accepted","operation_id":"connection_91","severity":"debug","subsystem":"network","timestamp_ms":1791090903869}
{"code":"client_disconnected","fields":{"reason":"peer_closed"},"message":"Client connection closed","operation_id":"connection_73","severity":"debug","subsystem":"network","timestamp_ms":1791090903870}
{"code":"client_connected","fields":{},"message":"Client connection accepted","operation_id":"connection_92","severity":"debug","subsystem":"network","timestamp_ms":1791090903870}
{"code":"client_disconnected","fields":{"reason":"peer_closed"},"message":"Client connection closed","operation_id":"connection_81","severity":"debug","subsystem":"network","timestamp_ms":1791090903870}
{"code":"client_connected","fields":{},"message":"Client connection accepted","operation_id":"connection_93","severity":"debug","subsystem":"network","timestamp_ms":1791090903870}
{"code":"client_disconnected","fields":{"reason":"peer_closed"},"message":"Client connection closed","operation_id":"connection_80","severity":"debug","subsystem":"network","timestamp_ms":1791090903870}
{"code":"client_connected","fields":{},"message":"Client connection accepted","operation_id":"connection_94","severity":"debug","subsystem":"network","timestamp_ms":1791090903870}
{"code":"client_disconnected","fields":{"reason":"peer_closed"},"message":"Client connection closed","operation_id":"connection_72","severity":"debug","subsystem":"network","timestamp_ms":1791090903871}
{"code":"client_connected","fields":{},"message":"Client connection accepted","operation_id":"connection_95","severity":"debug","subsystem":"network","timestamp_ms":1791090903871}
{"code":"client_disconnected","fields":{"reason":"peer_closed"},"message":"Client connection closed","operation_id":"connection_85","severity":"debug","subsystem":"network","timestamp_ms":1791090903873}
{"code":"client_connected","fields":{},"message":"Client connection accepted","operation_id":"connection_98","severity":"debug","subsystem":"network","timestamp_ms":1791090903873}
{"code":"client_disconnected","fields":{"reason":"peer_closed"},"message":"Client connection closed","operation_id":"connection_87","severity":"debug","subsystem":"network","timestamp_ms":1791090903874}
{"code":"client_connected","fields":{},"message":"Client connection accepted","operation_id":"connection_99","severity":"debug","subsystem":"network","timestamp_ms":1791090903874}
{"code":"client_disconnected","fields":{"reason":"peer_closed"},"message":"Client connection closed","operation_id":"connection_99","severity":"debug","subsystem":"network","timestamp_ms":1791090903878}
{"code":"client_connected","fields":{},"message":"Client connection accepted","operation_id":"connection_102","severity":"debug","subsystem":"network","timestamp_ms":1791090903878}
{"code":"client_disconnected","fields":{"reason":"peer_closed"},"message":"Client connection closed","operation_id":"connection_95","severity":"debug","subsystem":"network","timestamp_ms":1791090903878}
{"code":"client_connected","fields":{},"message":"Client connection accepted","operation_id":"connection_108","severity":"debug","subsystem":"network","timestamp_ms":1791090903878}
{"code":"client_disconnected","fields":{"reason":"peer_closed"},"message":"Client connection closed","operation_id":"connection_94","severity":"debug","subsystem":"network","timestamp_ms":1791090903878}
{"code":"client_connected","fields":{},"message":"Client connection accepted","operation_id":"connection_109","severity":"debug","subsystem":"network","timestamp_ms":1791090903878}
{"code":"client_disconnected","fields":{"reason":"peer_closed"},"message":"Client connection closed","operation_id":"connection_93","severity":"debug","subsystem":"network","timestamp_ms":1791090903878}
{"code":"client_connected","fields":{},"message":"Client connection accepted","operation_id":"connection_110","severity":"debug","subsystem":"network","timestamp_ms":1791090903878}
{"code":"client_disconnected","fields":{"reason":"peer_closed"},"message":"Client connection closed","operation_id":"connection_92","severity":"debug","subsystem":"network","timestamp_ms":1791090903879}
{"code":"client_connected","fields":{},"message":"Client connection accepted","operation_id":"connection_111","severity":"debug","subsystem":"network","timestamp_ms":1791090903879}
{"code":"client_disconnected","fields":{"reason":"peer_closed"},"message":"Client connection closed","operation_id":"connection_91","severity":"debug","subsystem":"network","timestamp_ms":1791090903879}
{"code":"client_connected","fields":{},"message":"Client connection accepted","operation_id":"connection_112","severity":"debug","subsystem":"network","timestamp_ms":1791090903879}
{"code":"client_disconnected","fields":{"reason":"peer_closed"},"message":"Client connection closed","operation_id":"connection_98","severity":"debug","subsystem":"network","timestamp_ms":1791090903879}
{"code":"client_connected","fields":{},"message":"Client connection accepted","operation_id":"connection_113","severity":"debug","subsystem":"network","timestamp_ms":1791090903879}
{"code":"client_disconnected","fields":{"reason":"peer_closed"},"message":"Client connection closed","operation_id":"connection_102","severity":"debug","subsystem":"network","timestamp_ms":1791090903881}
{"code":"client_connected","fields":{},"message":"Client connection accepted","operation_id":"connection_116","severity":"debug","subsystem":"network","timestamp_ms":1791090903881}
{"code":"client_disconnected","fields":{"reason":"peer_closed"},"message":"Client connection closed","operation_id":"connection_110","severity":"debug","subsystem":"network","timestamp_ms":1791090903881}
{"code":"client_connected","fields":{},"message":"Client connection accepted","operation_id":"connection_117","severity":"debug","subsystem":"network","timestamp_ms":1791090903881}
{"code":"client_disconnected","fields":{"reason":"peer_closed"},"message":"Client connection closed","operation_id":"connection_117","severity":"debug","subsystem":"network","timestamp_ms":1791090903885}
{"code":"client_connected","fields":{},"message":"Client connection accepted","operation_id":"connection_119","severity":"debug","subsystem":"network","timestamp_ms":1791090903885}
{"code":"client_disconnected","fields":{"reason":"peer_closed"},"message":"Client connection closed","operation_id":"connection_111","severity":"debug","subsystem":"network","timestamp_ms":1791090903885}
{"code":"client_connected","fields":{},"message":"Client connection accepted","operation_id":"connection_121","severity":"debug","subsystem":"network","timestamp_ms":1791090903885}
{"code":"client_disconnected","fields":{"reason":"peer_closed"},"message":"Client connection closed","operation_id":"connection_108","severity":"debug","subsystem":"network","timestamp_ms":1791090903886}
{"code":"client_connected","fields":{},"message":"Client connection accepted","operation_id":"connection_124","severity":"debug","subsystem":"network","timestamp_ms":1791090903886}
{"code":"client_disconnected","fields":{"reason":"peer_closed"},"message":"Client connection closed","operation_id":"connection_112","severity":"debug","subsystem":"network","timestamp_ms":1791090903886}
{"code":"client_connected","fields":{},"message":"Client connection accepted","operation_id":"connection_125","severity":"debug","subsystem":"network","timestamp_ms":1791090903886}
{"code":"client_disconnected","fields":{"reason":"peer_closed"},"message":"Client connection closed","operation_id":"connection_116","severity":"debug","subsystem":"network","timestamp_ms":1791090903886}
{"code":"client_connected","fields":{},"message":"Client connection accepted","operation_id":"connection_129","severity":"debug","subsystem":"network","timestamp_ms":1791090903886}
{"code":"client_disconnected","fields":{"reason":"peer_closed"},"message":"Client connection closed","operation_id":"connection_109","severity":"debug","subsystem":"network","timestamp_ms":1791090903886}
{"code":"client_connected","fields":{},"message":"Client connection accepted","operation_id":"connection_130","severity":"debug","subsystem":"network","timestamp_ms":1791090903886}
{"code":"client_disconnected","fields":{"reason":"peer_closed"},"message":"Client connection closed","operation_id":"connection_113","severity":"debug","subsystem":"network","timestamp_ms":1791090903887}
{"code":"client_connected","fields":{},"message":"Client connection accepted","operation_id":"connection_131","severity":"debug","subsystem":"network","timestamp_ms":1791090903887}
{"code":"client_disconnected","fields":{"reason":"peer_closed"},"message":"Client connection closed","operation_id":"connection_121","severity":"debug","subsystem":"network","timestamp_ms":1791090903889}
{"code":"client_connected","fields":{},"message":"Client connection accepted","operation_id":"connection_134","severity":"debug","subsystem":"network","timestamp_ms":1791090903889}
{"code":"client_disconnected","fields":{"reason":"peer_closed"},"message":"Client connection closed","operation_id":"connection_119","severity":"debug","subsystem":"network","timestamp_ms":1791090903890}
{"code":"client_connected","fields":{},"message":"Client connection accepted","operation_id":"connection_136","severity":"debug","subsystem":"network","timestamp_ms":1791090903890}
{"code":"client_disconnected","fields":{"reason":"peer_closed"},"message":"Client connection closed","operation_id":"connection_124","severity":"debug","subsystem":"network","timestamp_ms":1791090903890}
{"code":"client_connected","fields":{},"message":"Client connection accepted","operation_id":"connection_137","severity":"debug","subsystem":"network","timestamp_ms":1791090903890}
{"code":"client_disconnected","fields":{"reason":"peer_closed"},"message":"Client connection closed","operation_id":"connection_130","severity":"debug","subsystem":"network","timestamp_ms":1791090903894}
{"code":"client_connected","fields":{},"message":"Client connection accepted","operation_id":"connection_139","severity":"debug","subsystem":"network","timestamp_ms":1791090903894}
{"code":"client_disconnected","fields":{"reason":"peer_closed"},"message":"Client connection closed","operation_id":"connection_131","severity":"debug","subsystem":"network","timestamp_ms":1791090903894}
{"code":"client_connected","fields":{},"message":"Client connection accepted","operation_id":"connection_142","severity":"debug","subsystem":"network","timestamp_ms":1791090903894}
{"code":"client_disconnected","fields":{"reason":"peer_closed"},"message":"Client connection closed","operation_id":"connection_125","severity":"debug","subsystem":"network","timestamp_ms":1791090903895}
{"code":"client_connected","fields":{},"message":"Client connection accepted","operation_id":"connection_144","severity":"debug","subsystem":"network","timestamp_ms":1791090903895}
{"code":"client_disconnected","fields":{"reason":"peer_closed"},"message":"Client connection closed","operation_id":"connection_136","severity":"debug","subsystem":"network","timestamp_ms":1791090903895}
{"code":"client_connected","fields":{},"message":"Client connection accepted","operation_id":"connection_146","severity":"debug","subsystem":"network","timestamp_ms":1791090903895}
{"code":"client_disconnected","fields":{"reason":"peer_closed"},"message":"Client connection closed","operation_id":"connection_137","severity":"debug","subsystem":"network","timestamp_ms":1791090903895}
{"code":"client_connected","fields":{},"message":"Client connection accepted","operation_id":"connection_149","severity":"debug","subsystem":"network","timestamp_ms":1791090903895}
{"code":"client_disconnected","fields":{"reason":"peer_closed"},"message":"Client connection closed","operation_id":"connection_134","severity":"debug","subsystem":"network","timestamp_ms":1791090903896}
{"code":"client_connected","fields":{},"message":"Client connection accepted","operation_id":"connection_150","severity":"debug","subsystem":"network","timestamp_ms":1791090903896}
{"code":"client_disconnected","fields":{"reason":"peer_closed"},"message":"Client connection closed","operation_id":"connection_129","severity":"debug","subsystem":"network","timestamp_ms":1791090903896}
{"code":"client_connected","fields":{},"message":"Client connection accepted","operation_id":"connection_151","severity":"debug","subsystem":"network","timestamp_ms":1791090903896}
{"code":"client_disconnected","fields":{"reason":"peer_closed"},"message":"Client connection closed","operation_id":"connection_142","severity":"debug","subsystem":"network","timestamp_ms":1791090903898}
{"code":"client_connected","fields":{},"message":"Client connection accepted","operation_id":"connection_154","severity":"debug","subsystem":"network","timestamp_ms":1791090903898}
{"code":"client_disconnected","fields":{"reason":"peer_closed"},"message":"Client connection closed","operation_id":"connection_139","severity":"debug","subsystem":"network","timestamp_ms":1791090903898}
{"code":"client_connected","fields":{},"message":"Client connection accepted","operation_id":"connection_155","severity":"debug","subsystem":"network","timestamp_ms":1791090903898}
{"code":"client_disconnected","fields":{"reason":"peer_closed"},"message":"Client connection closed","operation_id":"connection_146","severity":"debug","subsystem":"network","timestamp_ms":1791090903902}
{"code":"client_connected","fields":{},"message":"Client connection accepted","operation_id":"connection_157","severity":"debug","subsystem":"network","timestamp_ms":1791090903902}
{"code":"client_disconnected","fields":{"reason":"peer_closed"},"message":"Client connection closed","operation_id":"connection_144","severity":"debug","subsystem":"network","timestamp_ms":1791090903903}
{"code":"client_connected","fields":{},"message":"Client connection accepted","operation_id":"connection_159","severity":"debug","subsystem":"network","timestamp_ms":1791090903903}
{"code":"client_disconnected","fields":{"reason":"peer_closed"},"message":"Client connection closed","operation_id":"connection_149","severity":"debug","subsystem":"network","timestamp_ms":1791090903903}
{"code":"client_connected","fields":{},"message":"Client connection accepted","operation_id":"connection_162","severity":"debug","subsystem":"network","timestamp_ms":1791090903903}
{"code":"client_disconnected","fields":{"reason":"peer_closed"},"message":"Client connection closed","operation_id":"connection_151","severity":"debug","subsystem":"network","timestamp_ms":1791090903904}
{"code":"client_connected","fields":{},"message":"Client connection accepted","operation_id":"connection_164","severity":"debug","subsystem":"network","timestamp_ms":1791090903904}
{"code":"client_disconnected","fields":{"reason":"peer_closed"},"message":"Client connection closed","operation_id":"connection_150","severity":"debug","subsystem":"network","timestamp_ms":1791090903904}
{"code":"client_connected","fields":{},"message":"Client connection accepted","operation_id":"connection_166","severity":"debug","subsystem":"network","timestamp_ms":1791090903904}
[CONNECTION-POOL] Scaled up to 8 threads (queued=1, idle=0, shortage=1)
{"code":"client_connected","fields":{},"message":"Client connection accepted","operation_id":"connection_168","severity":"debug","subsystem":"network","timestamp_ms":1791090903905}
{"code":"client_disconnected","fields":{"reason":"peer_closed"},"message":"Client connection closed","operation_id":"connection_155","severity":"debug","subsystem":"network","timestamp_ms":1791090903905}
{"code":"client_connected","fields":{},"message":"Client connection accepted","operation_id":"connection_169","severity":"debug","subsystem":"network","timestamp_ms":1791090903905}
{"code":"client_disconnected","fields":{"reason":"peer_closed"},"message":"Client connection closed","operation_id":"connection_154","severity":"debug","subsystem":"network","timestamp_ms":1791090903905}
{"code":"client_connected","fields":{},"message":"Client connection accepted","operation_id":"connection_170","severity":"debug","subsystem":"network","timestamp_ms":1791090903905}
{"code":"client_disconnected","fields":{"reason":"peer_closed"},"message":"Client connection closed","operation_id":"connection_157","severity":"debug","subsystem":"network","timestamp_ms":1791090903907}
{"code":"client_connected","fields":{},"message":"Client connection accepted","operation_id":"connection_172","severity":"debug","subsystem":"network","timestamp_ms":1791090903908}
{"code":"client_disconnected","fields":{"reason":"peer_closed"},"message":"Client connection closed","operation_id":"connection_159","severity":"debug","subsystem":"network","timestamp_ms":1791090903911}
{"code":"client_connected","fields":{},"message":"Client connection accepted","operation_id":"connection_175","severity":"debug","subsystem":"network","timestamp_ms":1791090903911}
{"code":"client_disconnected","fields":{"reason":"peer_closed"},"message":"Client connection closed","operation_id":"connection_162","severity":"debug","subsystem":"network","timestamp_ms":1791090903911}
{"code":"client_connected","fields":{},"message":"Client connection accepted","operation_id":"connection_176","severity":"debug","subsystem":"network","timestamp_ms":1791090903911}
{"code":"client_disconnected","fields":{"reason":"peer_closed"},"message":"Client connection closed","operation_id":"connection_169","severity":"debug","subsystem":"network","timestamp_ms":1791090903912}
{"code":"client_connected","fields":{},"message":"Client connection accepted","operation_id":"connection_179","severity":"debug","subsystem":"network","timestamp_ms":1791090903912}
{"code":"client_disconnected","fields":{"reason":"peer_closed"},"message":"Client connection closed","operation_id":"connection_172","severity":"debug","subsystem":"network","timestamp_ms":1791090903912}
{"code":"client_connected","fields":{},"message":"Client connection accepted","operation_id":"connection_182","severity":"debug","subsystem":"network","timestamp_ms":1791090903913}
{"code":"client_disconnected","fields":{"reason":"peer_closed"},"message":"Client connection closed","operation_id":"connection_168","severity":"debug","subsystem":"network","timestamp_ms":1791090903913}
{"code":"client_connected","fields":{},"message":"Client connection accepted","operation_id":"connection_185","severity":"debug","subsystem":"network","timestamp_ms":1791090903914}
{"code":"client_disconnected","fields":{"reason":"peer_closed"},"message":"Client connection closed","operation_id":"connection_164","severity":"debug","subsystem":"network","timestamp_ms":1791090903914}
{"code":"client_connected","fields":{},"message":"Client connection accepted","operation_id":"connection_186","severity":"debug","subsystem":"network","timestamp_ms":1791090903915}
{"code":"client_disconnected","fields":{"reason":"peer_closed"},"message":"Client connection closed","operation_id":"connection_166","severity":"debug","subsystem":"network","timestamp_ms":1791090903915}
{"code":"client_connected","fields":{},"message":"Client connection accepted","operation_id":"connection_188","severity":"debug","subsystem":"network","timestamp_ms":1791090903916}
{"code":"client_disconnected","fields":{"reason":"peer_closed"},"message":"Client connection closed","operation_id":"connection_170","severity":"debug","subsystem":"network","timestamp_ms":1791090903916}
{"code":"client_connected","fields":{},"message":"Client connection accepted","operation_id":"connection_189","severity":"debug","subsystem":"network","timestamp_ms":1791090903916}
{"code":"client_disconnected","fields":{"reason":"peer_closed"},"message":"Client connection closed","operation_id":"connection_175","severity":"debug","subsystem":"network","timestamp_ms":1791090903917}
{"code":"client_connected","fields":{},"message":"Client connection accepted","operation_id":"connection_190","severity":"debug","subsystem":"network","timestamp_ms":1791090903917}
{"code":"client_disconnected","fields":{"reason":"peer_closed"},"message":"Client connection closed","operation_id":"connection_179","severity":"debug","subsystem":"network","timestamp_ms":1791090903920}
{"code":"client_connected","fields":{},"message":"Client connection accepted","operation_id":"connection_193","severity":"debug","subsystem":"network","timestamp_ms":1791090903920}
{"code":"client_disconnected","fields":{"reason":"peer_closed"},"message":"Client connection closed","operation_id":"connection_176","severity":"debug","subsystem":"network","timestamp_ms":1791090903920}
{"code":"client_connected","fields":{},"message":"Client connection accepted","operation_id":"connection_194","severity":"debug","subsystem":"network","timestamp_ms":1791090903921}
{"code":"client_disconnected","fields":{"reason":"peer_closed"},"message":"Client connection closed","operation_id":"connection_182","severity":"debug","subsystem":"network","timestamp_ms":1791090903924}
{"code":"client_connected","fields":{},"message":"Client connection accepted","operation_id":"connection_197","severity":"debug","subsystem":"network","timestamp_ms":1791090903925}
{"code":"client_disconnected","fields":{"reason":"peer_closed"},"message":"Client connection closed","operation_id":"connection_188","severity":"debug","subsystem":"network","timestamp_ms":1791090903925}
{"code":"client_connected","fields":{},"message":"Client connection accepted","operation_id":"connection_199","severity":"debug","subsystem":"network","timestamp_ms":1791090903925}
{"code":"client_disconnected","fields":{"reason":"peer_closed"},"message":"Client connection closed","operation_id":"connection_189","severity":"debug","subsystem":"network","timestamp_ms":1791090903925}
{"code":"client_connected","fields":{},"message":"Client connection accepted","operation_id":"connection_200","severity":"debug","subsystem":"network","timestamp_ms":1791090903925}
{"code":"client_disconnected","fields":{"reason":"peer_closed"},"message":"Client connection closed","operation_id":"connection_190","severity":"debug","subsystem":"network","timestamp_ms":1791090903926}
{"code":"client_connected","fields":{},"message":"Client connection accepted","operation_id":"connection_204","severity":"debug","subsystem":"network","timestamp_ms":1791090903927}
{"code":"client_disconnected","fields":{"reason":"peer_closed"},"message":"Client connection closed","operation_id":"connection_185","severity":"debug","subsystem":"network","timestamp_ms":1791090903927}
{"code":"client_connected","fields":{},"message":"Client connection accepted","operation_id":"connection_205","severity":"debug","subsystem":"network","timestamp_ms":1791090903927}
{"code":"client_disconnected","fields":{"reason":"peer_closed"},"message":"Client connection closed","operation_id":"connection_186","severity":"debug","subsystem":"network","timestamp_ms":1791090903927}
{"code":"client_connected","fields":{},"message":"Client connection accepted","operation_id":"connection_206","severity":"debug","subsystem":"network","timestamp_ms":1791090903928}
{"code":"client_disconnected","fields":{"reason":"peer_closed"},"message":"Client connection closed","operation_id":"connection_193","severity":"debug","subsystem":"network","timestamp_ms":1791090903929}
{"code":"client_connected","fields":{},"message":"Client connection accepted","operation_id":"connection_209","severity":"debug","subsystem":"network","timestamp_ms":1791090903929}
{"code":"client_disconnected","fields":{"reason":"peer_closed"},"message":"Client connection closed","operation_id":"connection_194","severity":"debug","subsystem":"network","timestamp_ms":1791090903929}
{"code":"client_connected","fields":{},"message":"Client connection accepted","operation_id":"connection_210","severity":"debug","subsystem":"network","timestamp_ms":1791090903930}
{"code":"client_disconnected","fields":{"reason":"peer_closed"},"message":"Client connection closed","operation_id":"connection_197","severity":"debug","subsystem":"network","timestamp_ms":1791090903933}
{"code":"client_connected","fields":{},"message":"Client connection accepted","operation_id":"connection_213","severity":"debug","subsystem":"network","timestamp_ms":1791090903933}
{"code":"client_disconnected","fields":{"reason":"peer_closed"},"message":"Client connection closed","operation_id":"connection_200","severity":"debug","subsystem":"network","timestamp_ms":1791090903933}
{"code":"client_connected","fields":{},"message":"Client connection accepted","operation_id":"connection_214","severity":"debug","subsystem":"network","timestamp_ms":1791090903934}
{"code":"client_disconnected","fields":{"reason":"peer_closed"},"message":"Client connection closed","operation_id":"connection_199","severity":"debug","subsystem":"network","timestamp_ms":1791090903934}
{"code":"client_connected","fields":{},"message":"Client connection accepted","operation_id":"connection_217","severity":"debug","subsystem":"network","timestamp_ms":1791090903934}
{"code":"client_disconnected","fields":{"reason":"peer_closed"},"message":"Client connection closed","operation_id":"connection_204","severity":"debug","subsystem":"network","timestamp_ms":1791090903934}
{"code":"client_connected","fields":{},"message":"Client connection accepted","operation_id":"connection_218","severity":"debug","subsystem":"network","timestamp_ms":1791090903934}
{"code":"client_disconnected","fields":{"reason":"peer_closed"},"message":"Client connection closed","operation_id":"connection_205","severity":"debug","subsystem":"network","timestamp_ms":1791090903937}
{"code":"client_disconnected","fields":{"reason":"peer_closed"},"message":"Client connection closed","operation_id":"connection_209","severity":"debug","subsystem":"network","timestamp_ms":1791090903938}
{"code":"client_disconnected","fields":{"reason":"peer_closed"},"message":"Client connection closed","operation_id":"connection_210","severity":"debug","subsystem":"network","timestamp_ms":1791090903938}
{"code":"client_disconnected","fields":{"reason":"peer_closed"},"message":"Client connection closed","operation_id":"connection_206","severity":"debug","subsystem":"network","timestamp_ms":1791090903938}
{"code":"client_disconnected","fields":{"reason":"peer_closed"},"message":"Client connection closed","operation_id":"connection_213","severity":"debug","subsystem":"network","timestamp_ms":1791090903940}
{"code":"client_disconnected","fields":{"reason":"peer_closed"},"message":"Client connection closed","operation_id":"connection_217","severity":"debug","subsystem":"network","timestamp_ms":1791090903941}
{"code":"client_disconnected","fields":{"reason":"peer_closed"},"message":"Client connection closed","operation_id":"connection_218","severity":"debug","subsystem":"network","timestamp_ms":1791090903941}
{"code":"client_disconnected","fields":{"reason":"peer_closed"},"message":"Client connection closed","operation_id":"connection_214","severity":"debug","subsystem":"network","timestamp_ms":1791090903942}
{"code":"client_connected","fields":{},"message":"Client connection accepted","operation_id":"connection_227","severity":"debug","subsystem":"network","timestamp_ms":1791090903942}
[MAIN] Starting PacificDB Engine...
[EnvConfig] Loaded 23 configuration entries
{"code":"engine_starting","fields":{"engine_pid":2638439,"engine_version":"1.0.0","instance_id":"engine_64bba94e1a6b9fd673dd878d4fb687a4"},"message":"PacificDB engine is starting","operation_id":"engine_64bba94e1a6b9fd673dd878d4fb687a4","severity":"info","subsystem":"engine","timestamp_ms":1791090903970}
[MAIN] Data root: /tmp/pacificdb-batch-lock-xhoDlN/data
[MAIN] Root identity: /tmp/pacificdb-batch-lock-xhoDlN/data/.pacificdb-root-identity.json
[MAIN] Root lock: /tmp/pacificdb-batch-lock-xhoDlN/data/.pacificdb-root.lock
[MAIN] WAL dir:   /tmp/pacificdb-batch-lock-xhoDlN/data/wal
[MAIN] SST dir:   /tmp/pacificdb-batch-lock-xhoDlN/data/sst
[MAIN] Backups:   /tmp/pacificdb-batch-lock-xhoDlN/backup

[MAIN] ========== CRASH RECOVERY PHASE ==========
[ENGINE] Data root initialized: /tmp/pacificdb-batch-lock-xhoDlN/data
[LSM] Initialized at: /tmp/pacificdb-batch-lock-xhoDlN/data/

[RECOVERY] Starting 6-phase recovery sequence...
[RECOVERY] Data root: /tmp/pacificdb-batch-lock-xhoDlN/data

[RECOVERY] Phase 1: Lock & Validate Directory
[RECOVERY] Last shutdown was UNCLEAN - crash recovery in progress
[RECOVERY] ✓ Directory locked, clean shutdown flag checked

[RECOVERY] Phase 2: WAL Scan & Truncate
[RECOVERY] ✓ WAL scanned, 0 records found, tail truncated

[RECOVERY] Phase 3: Replay WAL (Committed Only)
[RECOVERY] ✓ WAL ownership assigned without payload materialization

[RECOVERY] Phase 4: Restore Raft State
[RECOVERY] ✓ Raft state restored, currentTerm: 0, commitIndex: 0

[RECOVERY] Phase 5: Snapshot Restore
[RECOVERY] ✓ No snapshot found (normal)

[RECOVERY] Phase 6: Consistency Check
[RECOVERY] Invariants OK: appliedLSN=0, commitIndex=0, currentTerm=0
[RECOVERY] ✓ Consistency check passed

[RECOVERY] ✓✓✓ Recovery complete - node ready for operation ✓✓✓

[MAIN] ✓ Recovery successful, node ready to serve
[ENGINE] Data root initialized: /tmp/pacificdb-batch-lock-xhoDlN/data
[DLOG][CREATE_DB][PATH] user=system db=system base=/tmp/pacificdb-batch-lock-xhoDlN/data/system/system
[ENGINE][CREATE DB] Database already exists; preserving metadata
[ENGINE][CREATE COLLECTION] Already exists: /tmp/pacificdb-batch-lock-xhoDlN/data/system/system/data/users.bin
[LSM] Initialized at: /tmp/pacificdb-batch-lock-xhoDlN/data/
[LSM][RESTORE] Replayed 1100 records from records.wal
[LSM][RESTORE] Replayed 1 WAL files
[ENGINE] No bootstrap admin seeded; set PACIFICDB_BOOTSTRAP_ADMIN_USERNAME and PACIFICDB_BOOTSTRAP_ADMIN_PASSWORD_HASH to create one
[DLOG][CREATE_DB][PATH] user=system db=pacificdb_meta base=/tmp/pacificdb-batch-lock-xhoDlN/data/system/pacificdb_meta
[ENGINE][CREATE DB] Database already exists; preserving metadata
[ENGINE][CREATE COLLECTION] Already exists: /tmp/pacificdb-batch-lock-xhoDlN/data/system/pacificdb_meta/data/projects.bin
[ENGINE][CREATE COLLECTION] Already exists: /tmp/pacificdb-batch-lock-xhoDlN/data/system/pacificdb_meta/data/database_projects.bin
[ENGINE][CREATE COLLECTION] Already exists: /tmp/pacificdb-batch-lock-xhoDlN/data/system/pacificdb_meta/data/media_manifests.bin
[ENGINE][CREATE COLLECTION] Already exists: /tmp/pacificdb-batch-lock-xhoDlN/data/system/pacificdb_meta/data/media_chunks.bin
[ENGINE][CREATE COLLECTION] Already exists: /tmp/pacificdb-batch-lock-xhoDlN/data/system/pacificdb_meta/data/restore_journal.bin
[LIMITER] Initialized - timeout=30s, maxResult=100MB, maxScan=1000000 rows, maxResultDocs=10000
[MEMORY] malloc tuned: M_ARENA_MAX=2, M_TRIM_THRESHOLD=256KB
[MEMORY] Initialized v2.9R - Max: 4096MB, BUSY=80%, THROTTLE=90%, BULK_REJECT=95%, READ_ONLY=98%, poll=1000ms

[MAIN] ========== MVCC INITIALIZATION ==========
[MAIN] ✓ TXIDAllocator initialized, next TXID: 1
[MAIN] ✓ SnapshotManager initialized
[GC] Garbage collector started (interval: 5000ms)
[MAIN] ✓ GarbageCollector started
[LSM] Initialized at: /tmp/pacificdb-batch-lock-xhoDlN/data/
{"code":"media_reconciled","fields":{"expired_uploads":0,"removed_orphans":0,"repaired_progress":0,"reset_verifying":0},"message":"Media upload state reconciled","severity":"info","subsystem":"media","timestamp_ms":1791090904034}
[MEMORY] Monitor thread started
[GC] GC loop started
[LSM] Background maintenance started
[LSM] flush_threads=2 max_concurrent_flushes=2
[WAL] group_commit=enabled
[WAL] group_commit_interval_ms=3
[WAL] group_commit_batch_size=512
[WAL] group_commit_max_bytes=4194304
[WAL] Background flusher started, interval=3ms groupCommit=on

[MAIN] ========== SHARD MANAGER INITIALIZATION ==========
[ShardManager] Loaded 1 shards from /tmp/pacificdb-batch-lock-xhoDlN/data/shard_map.json
[ShardManager] Started with 1 shards
[MAIN] ✓ ShardManager started with dynamic shard allocation
[ShardManager] Registered node diagnostic-1 at 127.0.0.1:46435
[MAIN] Single-node or RAFT_IS_LEADER=true, starting as LEADER
[RAFTCORE] Loaded persisted state term=0 commit=2 applied=2 source=checksummed
[RAFTCORE] Replaying 2 Raft log entries from raft/log.bin maxIndex=2 committedPrefix=2 recoveryMode=checksummed
[DLOG][CREATE_DB][APPLY_REPLICATED_ENTRY] requestId=eng_req_3 user=system db=bench type=binary
[DLOG][CREATE_DB][PATH] user=system db=bench base=/tmp/pacificdb-batch-lock-xhoDlN/data/system/bench
[DLOG][CREATE_COLLECTION][APPLY_REPLICATED_ENTRY] requestId=eng_req_5 user=system db=bench collection=records
[ENGINE][CREATE DB] Database already exists; preserving metadata
[ENGINE][CREATE COLLECTION] Already exists: /tmp/pacificdb-batch-lock-xhoDlN/data/system/bench/data/records.bin
[RAFTCORE] ✅ Raft log replay complete reapplied=2
[RAFTCORE] Worker pool configured initial=1 max=1
[RAFTCORE] Production Raft initialized node=diagnostic-1 leader=true peers=0 configuredWorkers=1 dataRoot=/tmp/pacificdb-batch-lock-xhoDlN/data
[RAFTCORE] Listener starting on port 45381
[RAFTCORE] Listener ready on 0.0.0.0:45381
[RAFTCORE] apply worker started node=diagnostic-1
[RAFTCORE] Production Raft started (leader=true) mode=2) circuit=0) workers=1
[MAIN] standalone_raft_bypass=true

[MAIN] ========== SERVER STARTUP ==========
[RAFTCORE] Monitor loop waiting 10 seconds for full cluster initialization...
[TenantManager] Initialized with 0 tenants
[SERVER] TenantManager initialized for multi-tenant isolation
[DYNAMIC-RESOURCE] ENGINE_CPU_CORES override: 16 -> 2 (concurrency cap)
[DYNAMIC-RESOURCE] CPU Cores: 2 | Target: 90%
[DYNAMIC-RESOURCE] Optimal Workers: 4 | Threads: 64
[DYNAMIC-RESOURCE] Connection Pool: 4-64 threads, queue: 32768
[CONNECTION-POOL] Initializing with 4 min threads, 64 max threads
[CONNECTION-POOL] Started 4 worker threads
[DYNAMIC-RESOURCE] DB Task Queue Partitioned: 4 shards, 2 workers/shard, queue/shard: 131072
[DB-TASK-QUEUE-PARTITIONED] Configured shards=4 workers_per_shard=2 max_queue_per_shard=131072
[SERVER] Listening on 127.0.0.1:46435 with connection pool...
[SERVER] Connection pool: 4-64 threads, max queue: 32768
[SERVER] Admission control: max connections=128 (effective inflight target), queue high watermark=24576
[SERVER] Role: LEADER
{"code":"engine_ready","fields":{"engine_pid":2638439,"host":"127.0.0.1","instance_id":"engine_64bba94e1a6b9fd673dd878d4fb687a4","port":46435},"message":"PacificDB engine is ready","operation_id":"engine_64bba94e1a6b9fd673dd878d4fb687a4","severity":"info","subsystem":"engine","timestamp_ms":1791090904037}
[SERVER] I/O model: epoll (events=256, accept_batch=256, dispatch_batch=64, coalesce_us=250, priority_scheduler=on)
[RAFTCORE] Inbound RPC pool workers=16 queue=1024
[DB-TASK-QUEUE-SHARDED] Started 2 workers across 1 shards (2 workers per shard), max queue per shard: 131072
[DB-TASK-QUEUE-SHARDED] Started 2 workers across 1 shards (2 workers per shard), max queue per shard: 131072
[DB-TASK-QUEUE-SHARDED] Started 2 workers across 1 shards (2 workers per shard), max queue per shard: 131072
[DB-TASK-QUEUE-SHARDED] Started 2 workers across 1 shards (2 workers per shard), max queue per shard: 131072
[DB-TASK-QUEUE-PARTITIONED] Started with 4 shards, 2 workers per shard, 131072 max queue per shard
{"code":"client_connected","fields":{},"message":"Client connection accepted","operation_id":"connection_1","severity":"debug","subsystem":"network","timestamp_ms":1791090904067}
{"code":"client_disconnected","fields":{"reason":"peer_closed"},"message":"Client connection closed","operation_id":"connection_1","severity":"debug","subsystem":"network","timestamp_ms":1791090904067}
{"code":"client_connected","fields":{},"message":"Client connection accepted","operation_id":"connection_3","severity":"debug","subsystem":"network","timestamp_ms":1791090904068}
{"code":"client_disconnected","fields":{"reason":"peer_closed"},"message":"Client connection closed","operation_id":"connection_3","severity":"debug","subsystem":"network","timestamp_ms":1791090904081}
[SERVER][SHUTDOWN] clients_interrupted elapsed_ms=0
[CONNECTION-POOL] Shutting down...
[CONNECTION-POOL] Total tasks processed: 2
[CONNECTION-POOL] Shutdown complete
[SERVER][SHUTDOWN] connection_pool_stopped elapsed_ms=5
[DB-TASK-QUEUE-SHARDED] Shutdown complete, processed=0
[DB-TASK-QUEUE-SHARDED] Shutdown complete, processed=0
[DB-TASK-QUEUE-SHARDED] Shutdown complete, processed=0
[DB-TASK-QUEUE-SHARDED] Shutdown complete, processed=0
[DB-TASK-QUEUE-PARTITIONED] Shutdown complete, processed=0
[SERVER][SHUTDOWN] db_task_queue_stopped elapsed_ms=5
[SERVER][SHUTDOWN] server_monitors_stopped elapsed_ms=5
{"code":"engine_shutdown_requested","fields":{"instance_id":"engine_64bba94e1a6b9fd673dd878d4fb687a4","signal":2},"message":"PacificDB engine shutdown was requested","operation_id":"engine_64bba94e1a6b9fd673dd878d4fb687a4","severity":"info","subsystem":"engine","timestamp_ms":1791090904087}

[MAIN] ========== SHUTDOWN PHASE ==========
[RAFTCORE] stopping operation workers
[RAFTCORE] apply worker stopped node=diagnostic-1
[RAFTCORE] operation workers stopped elapsed_ms=0
[RAFTCORE] stopping listener
[RAFTCORE] Listener exiting on port 45381
[RAFTCORE] stopped listener elapsed_ms=0
[RAFTCORE] stopping monitor
[RAFTCORE] stopped monitor elapsed_ms=0
[RAFTCORE] stopping snapshot maintenance
[RAFTCORE] stopped snapshot maintenance elapsed_ms=0
[RAFTCORE] stopping health monitor
[RAFTCORE] stopped health monitor elapsed_ms=0
[RAFTCORE] stopping adaptive controller
[RAFTCORE] stopped adaptive controller elapsed_ms=0
[RAFTCORE] stopping apply worker
[RAFTCORE] stopped apply worker elapsed_ms=0
[RAFTCORE] stopping read barrier
[RAFTCORE] stopped read barrier elapsed_ms=0
[MAIN] ✓ Raft core stopped
[MAIN][SHUTDOWN] raft_stopped elapsed_ms=2
[ShardManager] Stopped
[MAIN] ✓ ShardManager stopped
[MAIN][SHUTDOWN] shard_manager_stopped elapsed_ms=1947
[GC] GC loop exited
[GC] Garbage collector stopped (versions collected: 0)
[LSM] Force flushing all memtables...
[LSM] Force flush completed - 0 memtables flushed
[MAIN] ✓ Active LSM memtables force-flushed
[MAIN][SHUTDOWN] garbage_collector_stopped elapsed_ms=1947
[MAIN][SHUTDOWN] lsm_force_flushed elapsed_ms=1947
[LSM] Background maintenance stopping
[MAIN] ✓ LSM background tasks stopped
[MAIN][SHUTDOWN] lsm_stopped elapsed_ms=1952
[MAIN][SHUTDOWN] wal_stopped elapsed_ms=1952
[MAIN] ✓ WAL flusher stopped
[WAL] Clean shutdown marked at /tmp/pacificdb-batch-lock-xhoDlN/data/.clean_shutdown
[MAIN] ✓ Clean shutdown marker v2 written
[MAIN][SHUTDOWN] clean_marker_written elapsed_ms=1956
[MEMORY] Monitor thread stopped
[MAIN][SHUTDOWN] memory_manager_stopped elapsed_ms=1956
{"code":"engine_shutdown_complete","fields":{"clean_shutdown":true,"instance_id":"engine_64bba94e1a6b9fd673dd878d4fb687a4"},"message":"PacificDB engine shutdown completed","operation_id":"engine_64bba94e1a6b9fd673dd878d4fb687a4","severity":"info","subsystem":"engine","timestamp_ms":1791090906044}
[MAIN] Shutdown complete after signal 2
