[MAIN] Starting PacificDB Engine...
[EnvConfig] Loaded 23 configuration entries
{"code":"engine_starting","fields":{"engine_pid":2637038,"engine_version":"1.0.0","instance_id":"engine_aad914887303b7eaf041d84719d9fb3f"},"message":"PacificDB engine is starting","operation_id":"engine_aad914887303b7eaf041d84719d9fb3f","severity":"info","subsystem":"engine","timestamp_ms":1791090878992}
[MAIN] Data root: /tmp/pacificdb-batch-lock-qHiSU0/data
[MAIN] Root identity: /tmp/pacificdb-batch-lock-qHiSU0/data/.pacificdb-root-identity.json
[MAIN] Root lock: /tmp/pacificdb-batch-lock-qHiSU0/data/.pacificdb-root.lock
[MAIN] WAL dir:   /tmp/pacificdb-batch-lock-qHiSU0/data/wal
[MAIN] SST dir:   /tmp/pacificdb-batch-lock-qHiSU0/data/sst
[MAIN] Backups:   /tmp/pacificdb-batch-lock-qHiSU0/backup

[MAIN] ========== CRASH RECOVERY PHASE ==========
[ENGINE] Data root initialized: /tmp/pacificdb-batch-lock-qHiSU0/data
[LSM] Initialized at: /tmp/pacificdb-batch-lock-qHiSU0/data/

[RECOVERY] Starting 6-phase recovery sequence...
[RECOVERY] Data root: /tmp/pacificdb-batch-lock-qHiSU0/data

[RECOVERY] Phase 1: Lock & Validate Directory
[RECOVERY] Last shutdown was UNCLEAN - crash recovery in progress
[RECOVERY] ✓ Directory locked, clean shutdown flag checked

[RECOVERY] Phase 2: WAL Scan & Truncate
[RECOVERY] ✓ WAL scanned, 0 records found, tail truncated

[RECOVERY] Phase 3: Replay WAL (Committed Only)
[RECOVERY] ✓ WAL ownership assigned without payload materialization

[RECOVERY] Phase 4: Restore Raft State
[RECOVERY] ✓ Raft state restored, currentTerm: 0, commitIndex: 0

[RECOVERY] Phase 5: Snapshot Restore
[RECOVERY] ✓ No snapshot found (normal)

[RECOVERY] Phase 6: Consistency Check
[RECOVERY] Invariants OK: appliedLSN=0, commitIndex=0, currentTerm=0
[RECOVERY] ✓ Consistency check passed

[RECOVERY] ✓✓✓ Recovery complete - node ready for operation ✓✓✓

[MAIN] ✓ Recovery successful, node ready to serve
[ENGINE] Data root initialized: /tmp/pacificdb-batch-lock-qHiSU0/data
[DLOG][CREATE_DB][PATH] user=system db=system base=/tmp/pacificdb-batch-lock-qHiSU0/data/system/system
[ENGINE][CREATE DB] Database already exists; preserving metadata
[ENGINE][CREATE COLLECTION] Created /tmp/pacificdb-batch-lock-qHiSU0/data/system/system/data/users.bin
[ENGINE][CREATE COLLECTION] Updated db.meta with collection metadata: {"created":1791090878,"id":"6ac1e0be1bb6b9923dcd1da7","name":"users"}
[LSM] Initialized at: /tmp/pacificdb-batch-lock-qHiSU0/data/
[LSM][RESTORE] Replayed 0 WAL files
[ENGINE] No bootstrap admin seeded; set PACIFICDB_BOOTSTRAP_ADMIN_USERNAME and PACIFICDB_BOOTSTRAP_ADMIN_PASSWORD_HASH to create one
[DLOG][CREATE_DB][PATH] user=system db=pacificdb_meta base=/tmp/pacificdb-batch-lock-qHiSU0/data/system/pacificdb_meta
[LOGGER] Writing log entry
[LOGGER] Log written
[ENGINE][CREATE DB] Database created with type: binary
[ENGINE][CREATE COLLECTION] Created /tmp/pacificdb-batch-lock-qHiSU0/data/system/pacificdb_meta/data/projects.bin
[ENGINE][CREATE COLLECTION] Updated db.meta with collection metadata: {"created":1791090878,"id":"6ac1e0be1bb6b9923dcd1da9","name":"projects"}
[ENGINE][CREATE COLLECTION] Created /tmp/pacificdb-batch-lock-qHiSU0/data/system/pacificdb_meta/data/database_projects.bin
[ENGINE][CREATE COLLECTION] Updated db.meta with collection metadata: {"created":1791090878,"id":"6ac1e0be1bb6b9923dcd1daa","name":"database_projects"}
[ENGINE][CREATE COLLECTION] Created /tmp/pacificdb-batch-lock-qHiSU0/data/system/pacificdb_meta/data/media_manifests.bin
[ENGINE][CREATE COLLECTION] Updated db.meta with collection metadata: {"created":1791090878,"id":"6ac1e0be1bb6b9923dcd1dab","name":"media_manifests"}
[ENGINE][CREATE COLLECTION] Created /tmp/pacificdb-batch-lock-qHiSU0/data/system/pacificdb_meta/data/media_chunks.bin
[ENGINE][CREATE COLLECTION] Updated db.meta with collection metadata: {"created":1791090878,"id":"6ac1e0be1bb6b9923dcd1dac","name":"media_chunks"}
[ENGINE][CREATE COLLECTION] Created /tmp/pacificdb-batch-lock-qHiSU0/data/system/pacificdb_meta/data/restore_journal.bin
[ENGINE][CREATE COLLECTION] Updated db.meta with collection metadata: {"created":1791090878,"id":"6ac1e0be1bb6b9923dcd1dad","name":"restore_journal"}
{"code":"media_reconciled","fields":{"expired_uploads":0,"removed_orphans":0,"repaired_progress":0,"reset_verifying":0},"message":"Media upload state reconciled","severity":"info","subsystem":"media","timestamp_ms":1791090878999}
[LIMITER] Initialized - timeout=30s, maxResult=100MB, maxScan=1000000 rows, maxResultDocs=10000
[MEMORY] malloc tuned: M_ARENA_MAX=2, M_TRIM_THRESHOLD=256KB
[MEMORY] Initialized v2.9R - Max: 4096MB, BUSY=80%, THROTTLE=90%, BULK_REJECT=95%, READ_ONLY=98%, poll=1000ms

[MAIN] ========== MVCC INITIALIZATION ==========
[MAIN] ✓ TXIDAllocator initialized, next TXID: 1
[MAIN] ✓ SnapshotManager initialized
[MEMORY] Monitor thread started
[GC] Garbage collector started (interval: 5000ms)
[MAIN] ✓ GarbageCollector started
[LSM] Initialized at: /tmp/pacificdb-batch-lock-qHiSU0/data/
[GC] GC loop started
[LSM] Background maintenance started
[LSM] flush_threads=2 max_concurrent_flushes=2
[WAL] group_commit=enabled
[WAL] group_commit_interval_ms=3
[WAL] group_commit_batch_size=512
[WAL] group_commit_max_bytes=4194304
[WAL] Background flusher started, interval=3ms groupCommit=on

[MAIN] ========== SHARD MANAGER INITIALIZATION ==========
[ShardManager] Initialized 1 shard(s), replica target=3, nodes=1
[ShardManager] Started with 1 shards
[MAIN] ✓ ShardManager started with dynamic shard allocation
[ShardManager] Registered node diagnostic-1 at 127.0.0.1:36175
[MAIN] Single-node or RAFT_IS_LEADER=true, starting as LEADER
[RAFTCORE] Loaded persisted state term=0 commit=0 applied=0 source=legacy
[RAFTCORE] No Raft log entries to replay
[RAFTCORE] Worker pool configured initial=1 max=1
[RAFTCORE] Production Raft initialized node=diagnostic-1 leader=true peers=0 configuredWorkers=1 dataRoot=/tmp/pacificdb-batch-lock-qHiSU0/data
[RAFTCORE] Listener starting on port 46671
[RAFTCORE] Listener ready on 0.0.0.0:46671
[RAFTCORE] Monitor loop waiting 10 seconds for full cluster initialization...
[RAFTCORE] apply worker started node=diagnostic-1
[RAFTCORE] Production Raft started (leader=true) mode=2) circuit=0) workers=1
[MAIN] standalone_raft_bypass=true

[MAIN] ========== SERVER STARTUP ==========
[TenantManager] Initialized with 0 tenants
[SERVER] TenantManager initialized for multi-tenant isolation
[DYNAMIC-RESOURCE] ENGINE_CPU_CORES override: 16 -> 2 (concurrency cap)
[DYNAMIC-RESOURCE] CPU Cores: 2 | Target: 90%
[DYNAMIC-RESOURCE] Optimal Workers: 4 | Threads: 64
[DYNAMIC-RESOURCE] Connection Pool: 4-64 threads, queue: 32768
[CONNECTION-POOL] Initializing with 4 min threads, 64 max threads
[CONNECTION-POOL] Started 4 worker threads
[DYNAMIC-RESOURCE] DB Task Queue Partitioned: 4 shards, 2 workers/shard, queue/shard: 131072
[DB-TASK-QUEUE-PARTITIONED] Configured shards=4 workers_per_shard=2 max_queue_per_shard=131072
[SERVER] Listening on 127.0.0.1:36175 with connection pool...
[SERVER] Connection pool: 4-64 threads, max queue: 32768
[SERVER] Admission control: max connections=128 (effective inflight target), queue high watermark=24576
[SERVER] Role: LEADER
[SERVER] I/O model: epoll (events=256, accept_batch=256, dispatch_batch=64, coalesce_us=250, priority_scheduler=on)
[RAFTCORE] Inbound RPC pool workers=16 queue=1024
{"code":"engine_ready","fields":{"engine_pid":2637038,"host":"127.0.0.1","instance_id":"engine_aad914887303b7eaf041d84719d9fb3f","port":36175},"message":"PacificDB engine is ready","operation_id":"engine_aad914887303b7eaf041d84719d9fb3f","severity":"info","subsystem":"engine","timestamp_ms":1791090879000}
[DB-TASK-QUEUE-SHARDED] Started 2 workers across 1 shards (2 workers per shard), max queue per shard: 131072
[DB-TASK-QUEUE-SHARDED] Started 2 workers across 1 shards (2 workers per shard), max queue per shard: 131072
[DB-TASK-QUEUE-SHARDED] Started 2 workers across 1 shards (2 workers per shard), max queue per shard: 131072
[DB-TASK-QUEUE-SHARDED] Started 2 workers across 1 shards (2 workers per shard), max queue per shard: 131072
[DB-TASK-QUEUE-PARTITIONED] Started with 4 shards, 2 workers per shard, 131072 max queue per shard
{"code":"client_connected","fields":{},"message":"Client connection accepted","operation_id":"connection_1","severity":"debug","subsystem":"network","timestamp_ms":1791090879094}
{"code":"client_disconnected","fields":{"reason":"peer_closed"},"message":"Client connection closed","operation_id":"connection_1","severity":"debug","subsystem":"network","timestamp_ms":1791090879095}
{"code":"client_connected","fields":{},"message":"Client connection accepted","operation_id":"connection_3","severity":"debug","subsystem":"network","timestamp_ms":1791090879095}
[DLOG][CREATE_DB][SUBMIT] user=system db=bench type=binary raftEnabled=1 leader=1
[DLOG][CREATE_DB][APPLY_REPLICATED_ENTRY] requestId=eng_req_3 user=system db=bench type=binary
[DLOG][CREATE_DB][PATH] user=system db=bench base=/tmp/pacificdb-batch-lock-qHiSU0/data/system/bench
[LOGGER] Writing log entry
[LOGGER] Log written
[ENGINE][CREATE DB] Database created with type: binary
[DLOG][SCHEMA][RESPONSE] requestId=eng_req_3 action=createDatabase committed=true user=system db=bench
{"code":"client_disconnected","fields":{"reason":"peer_closed"},"message":"Client connection closed","operation_id":"connection_3","severity":"debug","subsystem":"network","timestamp_ms":1791090879102}
{"code":"client_connected","fields":{},"message":"Client connection accepted","operation_id":"connection_5","severity":"debug","subsystem":"network","timestamp_ms":1791090879103}
[DLOG][CREATE_COLLECTION][APPLY_REPLICATED_ENTRY] requestId=eng_req_5 user=system db=bench collection=records
[ENGINE][CREATE COLLECTION] Created /tmp/pacificdb-batch-lock-qHiSU0/data/system/bench/data/records.bin
[ENGINE][CREATE COLLECTION] Updated db.meta with collection metadata: {"created":1791090879,"id":"6ac1e0bf1bb6b9923dcd1daf","name":"records"}
[DLOG][SCHEMA][RESPONSE] requestId=eng_req_5 action=createCollection committed=true user=system db=bench collection=records
{"code":"client_disconnected","fields":{"reason":"peer_closed"},"message":"Client connection closed","operation_id":"connection_5","severity":"debug","subsystem":"network","timestamp_ms":1791090879109}
{"code":"client_connected","fields":{},"message":"Client connection accepted","operation_id":"connection_7","severity":"debug","subsystem":"network","timestamp_ms":1791090879110}
{"code":"client_disconnected","fields":{"reason":"peer_closed"},"message":"Client connection closed","operation_id":"connection_7","severity":"debug","subsystem":"network","timestamp_ms":1791090879117}
{"code":"client_connected","fields":{},"message":"Client connection accepted","operation_id":"connection_9","severity":"debug","subsystem":"network","timestamp_ms":1791090879118}
{"code":"client_disconnected","fields":{"reason":"peer_closed"},"message":"Client connection closed","operation_id":"connection_9","severity":"debug","subsystem":"network","timestamp_ms":1791090879124}
{"code":"client_connected","fields":{},"message":"Client connection accepted","operation_id":"connection_11","severity":"debug","subsystem":"network","timestamp_ms":1791090879125}
{"code":"client_disconnected","fields":{"reason":"peer_closed"},"message":"Client connection closed","operation_id":"connection_11","severity":"debug","subsystem":"network","timestamp_ms":1791090879132}
{"code":"client_connected","fields":{},"message":"Client connection accepted","operation_id":"connection_13","severity":"debug","subsystem":"network","timestamp_ms":1791090879133}
{"code":"client_disconnected","fields":{"reason":"peer_closed"},"message":"Client connection closed","operation_id":"connection_13","severity":"debug","subsystem":"network","timestamp_ms":1791090879139}
{"code":"client_connected","fields":{},"message":"Client connection accepted","operation_id":"connection_15","severity":"debug","subsystem":"network","timestamp_ms":1791090879140}
{"code":"client_disconnected","fields":{"reason":"peer_closed"},"message":"Client connection closed","operation_id":"connection_15","severity":"debug","subsystem":"network","timestamp_ms":1791090879146}
{"code":"client_connected","fields":{},"message":"Client connection accepted","operation_id":"connection_17","severity":"debug","subsystem":"network","timestamp_ms":1791090879147}
{"code":"client_disconnected","fields":{"reason":"peer_closed"},"message":"Client connection closed","operation_id":"connection_17","severity":"debug","subsystem":"network","timestamp_ms":1791090879153}
{"code":"client_connected","fields":{},"message":"Client connection accepted","operation_id":"connection_19","severity":"debug","subsystem":"network","timestamp_ms":1791090879154}
{"code":"client_disconnected","fields":{"reason":"peer_closed"},"message":"Client connection closed","operation_id":"connection_19","severity":"debug","subsystem":"network","timestamp_ms":1791090879160}
{"code":"client_connected","fields":{},"message":"Client connection accepted","operation_id":"connection_21","severity":"debug","subsystem":"network","timestamp_ms":1791090879161}
{"code":"client_disconnected","fields":{"reason":"peer_closed"},"message":"Client connection closed","operation_id":"connection_21","severity":"debug","subsystem":"network","timestamp_ms":1791090879167}
{"code":"client_connected","fields":{},"message":"Client connection accepted","operation_id":"connection_23","severity":"debug","subsystem":"network","timestamp_ms":1791090879168}
{"code":"client_disconnected","fields":{"reason":"peer_closed"},"message":"Client connection closed","operation_id":"connection_23","severity":"debug","subsystem":"network","timestamp_ms":1791090879174}
{"code":"client_connected","fields":{},"message":"Client connection accepted","operation_id":"connection_25","severity":"debug","subsystem":"network","timestamp_ms":1791090879175}
{"code":"client_disconnected","fields":{"reason":"peer_closed"},"message":"Client connection closed","operation_id":"connection_25","severity":"debug","subsystem":"network","timestamp_ms":1791090879182}
{"code":"client_connected","fields":{},"message":"Client connection accepted","operation_id":"connection_27","severity":"debug","subsystem":"network","timestamp_ms":1791090879186}
{"code":"client_disconnected","fields":{"reason":"peer_closed"},"message":"Client connection closed","operation_id":"connection_27","severity":"debug","subsystem":"network","timestamp_ms":1791090879193}
{"code":"client_connected","fields":{},"message":"Client connection accepted","operation_id":"connection_29","severity":"debug","subsystem":"network","timestamp_ms":1791090879193}
{"code":"client_disconnected","fields":{"reason":"peer_closed"},"message":"Client connection closed","operation_id":"connection_29","severity":"debug","subsystem":"network","timestamp_ms":1791090879200}
{"code":"client_connected","fields":{},"message":"Client connection accepted","operation_id":"connection_31","severity":"debug","subsystem":"network","timestamp_ms":1791090879201}
{"code":"client_disconnected","fields":{"reason":"peer_closed"},"message":"Client connection closed","operation_id":"connection_31","severity":"debug","subsystem":"network","timestamp_ms":1791090879207}
{"code":"client_connected","fields":{},"message":"Client connection accepted","operation_id":"connection_33","severity":"debug","subsystem":"network","timestamp_ms":1791090879208}
{"code":"client_disconnected","fields":{"reason":"peer_closed"},"message":"Client connection closed","operation_id":"connection_33","severity":"debug","subsystem":"network","timestamp_ms":1791090879215}
{"code":"client_connected","fields":{},"message":"Client connection accepted","operation_id":"connection_35","severity":"debug","subsystem":"network","timestamp_ms":1791090879216}
{"code":"client_disconnected","fields":{"reason":"peer_closed"},"message":"Client connection closed","operation_id":"connection_35","severity":"debug","subsystem":"network","timestamp_ms":1791090879222}
{"code":"client_connected","fields":{},"message":"Client connection accepted","operation_id":"connection_37","severity":"debug","subsystem":"network","timestamp_ms":1791090879223}
{"code":"client_disconnected","fields":{"reason":"peer_closed"},"message":"Client connection closed","operation_id":"connection_37","severity":"debug","subsystem":"network","timestamp_ms":1791090879230}
{"code":"client_connected","fields":{},"message":"Client connection accepted","operation_id":"connection_39","severity":"debug","subsystem":"network","timestamp_ms":1791090879231}
{"code":"client_disconnected","fields":{"reason":"peer_closed"},"message":"Client connection closed","operation_id":"connection_39","severity":"debug","subsystem":"network","timestamp_ms":1791090879237}
{"code":"client_connected","fields":{},"message":"Client connection accepted","operation_id":"connection_41","severity":"debug","subsystem":"network","timestamp_ms":1791090879238}
{"code":"client_disconnected","fields":{"reason":"peer_closed"},"message":"Client connection closed","operation_id":"connection_41","severity":"debug","subsystem":"network","timestamp_ms":1791090879245}
{"code":"client_connected","fields":{},"message":"Client connection accepted","operation_id":"connection_43","severity":"debug","subsystem":"network","timestamp_ms":1791090879246}
{"code":"client_disconnected","fields":{"reason":"peer_closed"},"message":"Client connection closed","operation_id":"connection_43","severity":"debug","subsystem":"network","timestamp_ms":1791090879253}
{"code":"client_connected","fields":{},"message":"Client connection accepted","operation_id":"connection_45","severity":"debug","subsystem":"network","timestamp_ms":1791090879254}
{"code":"client_disconnected","fields":{"reason":"peer_closed"},"message":"Client connection closed","operation_id":"connection_45","severity":"debug","subsystem":"network","timestamp_ms":1791090879261}
{"code":"client_connected","fields":{},"message":"Client connection accepted","operation_id":"connection_47","severity":"debug","subsystem":"network","timestamp_ms":1791090879262}
{"code":"client_disconnected","fields":{"reason":"peer_closed"},"message":"Client connection closed","operation_id":"connection_47","severity":"debug","subsystem":"network","timestamp_ms":1791090879268}
{"code":"client_connected","fields":{},"message":"Client connection accepted","operation_id":"connection_49","severity":"debug","subsystem":"network","timestamp_ms":1791090879269}
{"code":"client_disconnected","fields":{"reason":"peer_closed"},"message":"Client connection closed","operation_id":"connection_49","severity":"debug","subsystem":"network","timestamp_ms":1791090879276}
{"code":"client_connected","fields":{},"message":"Client connection accepted","operation_id":"connection_51","severity":"debug","subsystem":"network","timestamp_ms":1791090879276}
{"code":"client_disconnected","fields":{"reason":"peer_closed"},"message":"Client connection closed","operation_id":"connection_51","severity":"debug","subsystem":"network","timestamp_ms":1791090879283}
{"code":"client_connected","fields":{},"message":"Client connection accepted","operation_id":"connection_53","severity":"debug","subsystem":"network","timestamp_ms":1791090879284}
{"code":"client_disconnected","fields":{"reason":"peer_closed"},"message":"Client connection closed","operation_id":"connection_53","severity":"debug","subsystem":"network","timestamp_ms":1791090879291}
{"code":"client_connected","fields":{},"message":"Client connection accepted","operation_id":"connection_55","severity":"debug","subsystem":"network","timestamp_ms":1791090879292}
{"code":"client_disconnected","fields":{"reason":"peer_closed"},"message":"Client connection closed","operation_id":"connection_55","severity":"debug","subsystem":"network","timestamp_ms":1791090879298}
{"code":"client_connected","fields":{},"message":"Client connection accepted","operation_id":"connection_57","severity":"debug","subsystem":"network","timestamp_ms":1791090879299}
{"code":"client_disconnected","fields":{"reason":"peer_closed"},"message":"Client connection closed","operation_id":"connection_57","severity":"debug","subsystem":"network","timestamp_ms":1791090879306}
{"code":"client_connected","fields":{},"message":"Client connection accepted","operation_id":"connection_59","severity":"debug","subsystem":"network","timestamp_ms":1791090879307}
{"code":"client_disconnected","fields":{"reason":"peer_closed"},"message":"Client connection closed","operation_id":"connection_59","severity":"debug","subsystem":"network","timestamp_ms":1791090879313}
{"code":"client_connected","fields":{},"message":"Client connection accepted","operation_id":"connection_61","severity":"debug","subsystem":"network","timestamp_ms":1791090879314}
{"code":"client_disconnected","fields":{"reason":"peer_closed"},"message":"Client connection closed","operation_id":"connection_61","severity":"debug","subsystem":"network","timestamp_ms":1791090879318}
{"code":"client_connected","fields":{},"message":"Client connection accepted","operation_id":"connection_63","severity":"debug","subsystem":"network","timestamp_ms":1791090879318}
{"code":"client_disconnected","fields":{"reason":"peer_closed"},"message":"Client connection closed","operation_id":"connection_63","severity":"debug","subsystem":"network","timestamp_ms":1791090879326}
{"code":"client_connected","fields":{},"message":"Client connection accepted","operation_id":"connection_65","severity":"debug","subsystem":"network","timestamp_ms":1791090879327}
{"code":"client_disconnected","fields":{"reason":"peer_closed"},"message":"Client connection closed","operation_id":"connection_65","severity":"debug","subsystem":"network","timestamp_ms":1791090879333}
{"code":"client_connected","fields":{},"message":"Client connection accepted","operation_id":"connection_67","severity":"debug","subsystem":"network","timestamp_ms":1791090879334}
{"code":"client_disconnected","fields":{"reason":"peer_closed"},"message":"Client connection closed","operation_id":"connection_67","severity":"debug","subsystem":"network","timestamp_ms":1791090879341}
{"code":"client_connected","fields":{},"message":"Client connection accepted","operation_id":"connection_69","severity":"debug","subsystem":"network","timestamp_ms":1791090879342}
{"code":"client_disconnected","fields":{"reason":"peer_closed"},"message":"Client connection closed","operation_id":"connection_69","severity":"debug","subsystem":"network","timestamp_ms":1791090879349}
{"code":"client_connected","fields":{},"message":"Client connection accepted","operation_id":"connection_71","severity":"debug","subsystem":"network","timestamp_ms":1791090879349}
{"code":"client_disconnected","fields":{"reason":"peer_closed"},"message":"Client connection closed","operation_id":"connection_71","severity":"debug","subsystem":"network","timestamp_ms":1791090879357}
{"code":"client_connected","fields":{},"message":"Client connection accepted","operation_id":"connection_73","severity":"debug","subsystem":"network","timestamp_ms":1791090879358}
{"code":"client_disconnected","fields":{"reason":"peer_closed"},"message":"Client connection closed","operation_id":"connection_73","severity":"debug","subsystem":"network","timestamp_ms":1791090879365}
{"code":"client_connected","fields":{},"message":"Client connection accepted","operation_id":"connection_75","severity":"debug","subsystem":"network","timestamp_ms":1791090879366}
{"code":"client_disconnected","fields":{"reason":"peer_closed"},"message":"Client connection closed","operation_id":"connection_75","severity":"debug","subsystem":"network","timestamp_ms":1791090879373}
{"code":"client_connected","fields":{},"message":"Client connection accepted","operation_id":"connection_77","severity":"debug","subsystem":"network","timestamp_ms":1791090879373}
{"code":"client_disconnected","fields":{"reason":"peer_closed"},"message":"Client connection closed","operation_id":"connection_77","severity":"debug","subsystem":"network","timestamp_ms":1791090879380}
{"code":"client_connected","fields":{},"message":"Client connection accepted","operation_id":"connection_79","severity":"debug","subsystem":"network","timestamp_ms":1791090879381}
{"code":"client_disconnected","fields":{"reason":"peer_closed"},"message":"Client connection closed","operation_id":"connection_79","severity":"debug","subsystem":"network","timestamp_ms":1791090879388}
{"code":"client_connected","fields":{},"message":"Client connection accepted","operation_id":"connection_81","severity":"debug","subsystem":"network","timestamp_ms":1791090879389}
{"code":"client_disconnected","fields":{"reason":"peer_closed"},"message":"Client connection closed","operation_id":"connection_81","severity":"debug","subsystem":"network","timestamp_ms":1791090879395}
{"code":"client_connected","fields":{},"message":"Client connection accepted","operation_id":"connection_83","severity":"debug","subsystem":"network","timestamp_ms":1791090879396}
{"code":"client_disconnected","fields":{"reason":"peer_closed"},"message":"Client connection closed","operation_id":"connection_83","severity":"debug","subsystem":"network","timestamp_ms":1791090879403}
{"code":"client_connected","fields":{},"message":"Client connection accepted","operation_id":"connection_85","severity":"debug","subsystem":"network","timestamp_ms":1791090879403}
{"code":"client_disconnected","fields":{"reason":"peer_closed"},"message":"Client connection closed","operation_id":"connection_85","severity":"debug","subsystem":"network","timestamp_ms":1791090879410}
{"code":"client_connected","fields":{},"message":"Client connection accepted","operation_id":"connection_87","severity":"debug","subsystem":"network","timestamp_ms":1791090879411}
{"code":"client_disconnected","fields":{"reason":"peer_closed"},"message":"Client connection closed","operation_id":"connection_87","severity":"debug","subsystem":"network","timestamp_ms":1791090879419}
{"code":"client_connected","fields":{},"message":"Client connection accepted","operation_id":"connection_89","severity":"debug","subsystem":"network","timestamp_ms":1791090879419}
{"code":"client_disconnected","fields":{"reason":"peer_closed"},"message":"Client connection closed","operation_id":"connection_89","severity":"debug","subsystem":"network","timestamp_ms":1791090879426}
{"code":"client_connected","fields":{},"message":"Client connection accepted","operation_id":"connection_91","severity":"debug","subsystem":"network","timestamp_ms":1791090879427}
{"code":"client_disconnected","fields":{"reason":"peer_closed"},"message":"Client connection closed","operation_id":"connection_91","severity":"debug","subsystem":"network","timestamp_ms":1791090879434}
{"code":"client_connected","fields":{},"message":"Client connection accepted","operation_id":"connection_93","severity":"debug","subsystem":"network","timestamp_ms":1791090879434}
{"code":"client_disconnected","fields":{"reason":"peer_closed"},"message":"Client connection closed","operation_id":"connection_93","severity":"debug","subsystem":"network","timestamp_ms":1791090879442}
{"code":"client_connected","fields":{},"message":"Client connection accepted","operation_id":"connection_95","severity":"debug","subsystem":"network","timestamp_ms":1791090879442}
{"code":"client_disconnected","fields":{"reason":"peer_closed"},"message":"Client connection closed","operation_id":"connection_95","severity":"debug","subsystem":"network","timestamp_ms":1791090879449}
{"code":"client_connected","fields":{},"message":"Client connection accepted","operation_id":"connection_97","severity":"debug","subsystem":"network","timestamp_ms":1791090879449}
{"code":"client_disconnected","fields":{"reason":"peer_closed"},"message":"Client connection closed","operation_id":"connection_97","severity":"debug","subsystem":"network","timestamp_ms":1791090879457}
{"code":"client_connected","fields":{},"message":"Client connection accepted","operation_id":"connection_99","severity":"debug","subsystem":"network","timestamp_ms":1791090879457}
{"code":"client_disconnected","fields":{"reason":"peer_closed"},"message":"Client connection closed","operation_id":"connection_99","severity":"debug","subsystem":"network","timestamp_ms":1791090879464}
{"code":"client_connected","fields":{},"message":"Client connection accepted","operation_id":"connection_101","severity":"debug","subsystem":"network","timestamp_ms":1791090879464}
{"code":"client_disconnected","fields":{"reason":"peer_closed"},"message":"Client connection closed","operation_id":"connection_101","severity":"debug","subsystem":"network","timestamp_ms":1791090879468}
{"code":"client_connected","fields":{},"message":"Client connection accepted","operation_id":"connection_103","severity":"debug","subsystem":"network","timestamp_ms":1791090879468}
{"code":"client_disconnected","fields":{"reason":"peer_closed"},"message":"Client connection closed","operation_id":"connection_103","severity":"debug","subsystem":"network","timestamp_ms":1791090879472}
{"code":"client_connected","fields":{},"message":"Client connection accepted","operation_id":"connection_105","severity":"debug","subsystem":"network","timestamp_ms":1791090879473}
{"code":"client_disconnected","fields":{"reason":"peer_closed"},"message":"Client connection closed","operation_id":"connection_105","severity":"debug","subsystem":"network","timestamp_ms":1791090879477}
{"code":"client_connected","fields":{},"message":"Client connection accepted","operation_id":"connection_107","severity":"debug","subsystem":"network","timestamp_ms":1791090879477}
{"code":"client_disconnected","fields":{"reason":"peer_closed"},"message":"Client connection closed","operation_id":"connection_107","severity":"debug","subsystem":"network","timestamp_ms":1791090879484}
{"code":"client_connected","fields":{},"message":"Client connection accepted","operation_id":"connection_109","severity":"debug","subsystem":"network","timestamp_ms":1791090879485}
{"code":"client_disconnected","fields":{"reason":"peer_closed"},"message":"Client connection closed","operation_id":"connection_109","severity":"debug","subsystem":"network","timestamp_ms":1791090879492}
{"code":"client_connected","fields":{},"message":"Client connection accepted","operation_id":"connection_111","severity":"debug","subsystem":"network","timestamp_ms":1791090879493}
{"code":"client_disconnected","fields":{"reason":"peer_closed"},"message":"Client connection closed","operation_id":"connection_111","severity":"debug","subsystem":"network","timestamp_ms":1791090879500}
{"code":"client_connected","fields":{},"message":"Client connection accepted","operation_id":"connection_113","severity":"debug","subsystem":"network","timestamp_ms":1791090879500}
{"code":"client_disconnected","fields":{"reason":"peer_closed"},"message":"Client connection closed","operation_id":"connection_113","severity":"debug","subsystem":"network","timestamp_ms":1791090879507}
{"code":"client_connected","fields":{},"message":"Client connection accepted","operation_id":"connection_115","severity":"debug","subsystem":"network","timestamp_ms":1791090879508}
{"code":"client_disconnected","fields":{"reason":"peer_closed"},"message":"Client connection closed","operation_id":"connection_115","severity":"debug","subsystem":"network","timestamp_ms":1791090879515}
{"code":"client_connected","fields":{},"message":"Client connection accepted","operation_id":"connection_117","severity":"debug","subsystem":"network","timestamp_ms":1791090879515}
{"code":"client_disconnected","fields":{"reason":"peer_closed"},"message":"Client connection closed","operation_id":"connection_117","severity":"debug","subsystem":"network","timestamp_ms":1791090879523}
{"code":"client_connected","fields":{},"message":"Client connection accepted","operation_id":"connection_119","severity":"debug","subsystem":"network","timestamp_ms":1791090879523}
{"code":"client_disconnected","fields":{"reason":"peer_closed"},"message":"Client connection closed","operation_id":"connection_119","severity":"debug","subsystem":"network","timestamp_ms":1791090879530}
{"code":"client_connected","fields":{},"message":"Client connection accepted","operation_id":"connection_121","severity":"debug","subsystem":"network","timestamp_ms":1791090879530}
{"code":"client_disconnected","fields":{"reason":"peer_closed"},"message":"Client connection closed","operation_id":"connection_121","severity":"debug","subsystem":"network","timestamp_ms":1791090879537}
{"code":"client_connected","fields":{},"message":"Client connection accepted","operation_id":"connection_123","severity":"debug","subsystem":"network","timestamp_ms":1791090879538}
{"code":"client_disconnected","fields":{"reason":"peer_closed"},"message":"Client connection closed","operation_id":"connection_123","severity":"debug","subsystem":"network","timestamp_ms":1791090879544}
{"code":"client_connected","fields":{},"message":"Client connection accepted","operation_id":"connection_125","severity":"debug","subsystem":"network","timestamp_ms":1791090879545}
{"code":"client_disconnected","fields":{"reason":"peer_closed"},"message":"Client connection closed","operation_id":"connection_125","severity":"debug","subsystem":"network","timestamp_ms":1791090879553}
{"code":"client_connected","fields":{},"message":"Client connection accepted","operation_id":"connection_127","severity":"debug","subsystem":"network","timestamp_ms":1791090879553}
{"code":"client_disconnected","fields":{"reason":"peer_closed"},"message":"Client connection closed","operation_id":"connection_127","severity":"debug","subsystem":"network","timestamp_ms":1791090879559}
{"code":"client_connected","fields":{},"message":"Client connection accepted","operation_id":"connection_129","severity":"debug","subsystem":"network","timestamp_ms":1791090879560}
{"code":"client_disconnected","fields":{"reason":"peer_closed"},"message":"Client connection closed","operation_id":"connection_129","severity":"debug","subsystem":"network","timestamp_ms":1791090879567}
{"code":"client_connected","fields":{},"message":"Client connection accepted","operation_id":"connection_131","severity":"debug","subsystem":"network","timestamp_ms":1791090879568}
{"code":"client_disconnected","fields":{"reason":"peer_closed"},"message":"Client connection closed","operation_id":"connection_131","severity":"debug","subsystem":"network","timestamp_ms":1791090879575}
{"code":"client_connected","fields":{},"message":"Client connection accepted","operation_id":"connection_133","severity":"debug","subsystem":"network","timestamp_ms":1791090879575}
{"code":"client_disconnected","fields":{"reason":"peer_closed"},"message":"Client connection closed","operation_id":"connection_133","severity":"debug","subsystem":"network","timestamp_ms":1791090879582}
{"code":"client_connected","fields":{},"message":"Client connection accepted","operation_id":"connection_135","severity":"debug","subsystem":"network","timestamp_ms":1791090879582}
{"code":"client_disconnected","fields":{"reason":"peer_closed"},"message":"Client connection closed","operation_id":"connection_135","severity":"debug","subsystem":"network","timestamp_ms":1791090879590}
{"code":"client_connected","fields":{},"message":"Client connection accepted","operation_id":"connection_137","severity":"debug","subsystem":"network","timestamp_ms":1791090879590}
{"code":"client_disconnected","fields":{"reason":"peer_closed"},"message":"Client connection closed","operation_id":"connection_137","severity":"debug","subsystem":"network","timestamp_ms":1791090879597}
{"code":"client_connected","fields":{},"message":"Client connection accepted","operation_id":"connection_139","severity":"debug","subsystem":"network","timestamp_ms":1791090879597}
{"code":"client_disconnected","fields":{"reason":"peer_closed"},"message":"Client connection closed","operation_id":"connection_139","severity":"debug","subsystem":"network","timestamp_ms":1791090879604}
{"code":"client_connected","fields":{},"message":"Client connection accepted","operation_id":"connection_141","severity":"debug","subsystem":"network","timestamp_ms":1791090879604}
{"code":"client_disconnected","fields":{"reason":"peer_closed"},"message":"Client connection closed","operation_id":"connection_141","severity":"debug","subsystem":"network","timestamp_ms":1791090879611}
{"code":"client_connected","fields":{},"message":"Client connection accepted","operation_id":"connection_143","severity":"debug","subsystem":"network","timestamp_ms":1791090879611}
{"code":"client_disconnected","fields":{"reason":"peer_closed"},"message":"Client connection closed","operation_id":"connection_143","severity":"debug","subsystem":"network","timestamp_ms":1791090879618}
{"code":"client_connected","fields":{},"message":"Client connection accepted","operation_id":"connection_145","severity":"debug","subsystem":"network","timestamp_ms":1791090879618}
{"code":"client_disconnected","fields":{"reason":"peer_closed"},"message":"Client connection closed","operation_id":"connection_145","severity":"debug","subsystem":"network","timestamp_ms":1791090879625}
{"code":"client_connected","fields":{},"message":"Client connection accepted","operation_id":"connection_147","severity":"debug","subsystem":"network","timestamp_ms":1791090879626}
{"code":"client_disconnected","fields":{"reason":"peer_closed"},"message":"Client connection closed","operation_id":"connection_147","severity":"debug","subsystem":"network","timestamp_ms":1791090879632}
{"code":"client_connected","fields":{},"message":"Client connection accepted","operation_id":"connection_149","severity":"debug","subsystem":"network","timestamp_ms":1791090879632}
{"code":"client_disconnected","fields":{"reason":"peer_closed"},"message":"Client connection closed","operation_id":"connection_149","severity":"debug","subsystem":"network","timestamp_ms":1791090879639}
{"code":"client_connected","fields":{},"message":"Client connection accepted","operation_id":"connection_151","severity":"debug","subsystem":"network","timestamp_ms":1791090879639}
{"code":"client_disconnected","fields":{"reason":"peer_closed"},"message":"Client connection closed","operation_id":"connection_151","severity":"debug","subsystem":"network","timestamp_ms":1791090879646}
{"code":"client_connected","fields":{},"message":"Client connection accepted","operation_id":"connection_153","severity":"debug","subsystem":"network","timestamp_ms":1791090879646}
{"code":"client_disconnected","fields":{"reason":"peer_closed"},"message":"Client connection closed","operation_id":"connection_153","severity":"debug","subsystem":"network","timestamp_ms":1791090879650}
{"code":"client_connected","fields":{},"message":"Client connection accepted","operation_id":"connection_155","severity":"debug","subsystem":"network","timestamp_ms":1791090879650}
{"code":"client_disconnected","fields":{"reason":"peer_closed"},"message":"Client connection closed","operation_id":"connection_155","severity":"debug","subsystem":"network","timestamp_ms":1791090879654}
{"code":"client_connected","fields":{},"message":"Client connection accepted","operation_id":"connection_157","severity":"debug","subsystem":"network","timestamp_ms":1791090879655}
{"code":"client_disconnected","fields":{"reason":"peer_closed"},"message":"Client connection closed","operation_id":"connection_157","severity":"debug","subsystem":"network","timestamp_ms":1791090879661}
{"code":"client_connected","fields":{},"message":"Client connection accepted","operation_id":"connection_159","severity":"debug","subsystem":"network","timestamp_ms":1791090879661}
{"code":"client_disconnected","fields":{"reason":"peer_closed"},"message":"Client connection closed","operation_id":"connection_159","severity":"debug","subsystem":"network","timestamp_ms":1791090879664}
{"code":"client_connected","fields":{},"message":"Client connection accepted","operation_id":"connection_161","severity":"debug","subsystem":"network","timestamp_ms":1791090879665}
{"code":"client_disconnected","fields":{"reason":"peer_closed"},"message":"Client connection closed","operation_id":"connection_161","severity":"debug","subsystem":"network","timestamp_ms":1791090879668}
{"code":"client_connected","fields":{},"message":"Client connection accepted","operation_id":"connection_163","severity":"debug","subsystem":"network","timestamp_ms":1791090879668}
{"code":"client_disconnected","fields":{"reason":"peer_closed"},"message":"Client connection closed","operation_id":"connection_163","severity":"debug","subsystem":"network","timestamp_ms":1791090879672}
{"code":"client_connected","fields":{},"message":"Client connection accepted","operation_id":"connection_165","severity":"debug","subsystem":"network","timestamp_ms":1791090879673}
{"code":"client_disconnected","fields":{"reason":"peer_closed"},"message":"Client connection closed","operation_id":"connection_165","severity":"debug","subsystem":"network","timestamp_ms":1791090879677}
{"code":"client_connected","fields":{},"message":"Client connection accepted","operation_id":"connection_167","severity":"debug","subsystem":"network","timestamp_ms":1791090879677}
{"code":"client_disconnected","fields":{"reason":"peer_closed"},"message":"Client connection closed","operation_id":"connection_167","severity":"debug","subsystem":"network","timestamp_ms":1791090879680}
{"code":"client_connected","fields":{},"message":"Client connection accepted","operation_id":"connection_169","severity":"debug","subsystem":"network","timestamp_ms":1791090879680}
{"code":"client_disconnected","fields":{"reason":"peer_closed"},"message":"Client connection closed","operation_id":"connection_169","severity":"debug","subsystem":"network","timestamp_ms":1791090879684}
{"code":"client_connected","fields":{},"message":"Client connection accepted","operation_id":"connection_171","severity":"debug","subsystem":"network","timestamp_ms":1791090879684}
{"code":"client_disconnected","fields":{"reason":"peer_closed"},"message":"Client connection closed","operation_id":"connection_171","severity":"debug","subsystem":"network","timestamp_ms":1791090879687}
{"code":"client_connected","fields":{},"message":"Client connection accepted","operation_id":"connection_173","severity":"debug","subsystem":"network","timestamp_ms":1791090879688}
{"code":"client_disconnected","fields":{"reason":"peer_closed"},"message":"Client connection closed","operation_id":"connection_173","severity":"debug","subsystem":"network","timestamp_ms":1791090879691}
{"code":"client_connected","fields":{},"message":"Client connection accepted","operation_id":"connection_175","severity":"debug","subsystem":"network","timestamp_ms":1791090879691}
{"code":"client_disconnected","fields":{"reason":"peer_closed"},"message":"Client connection closed","operation_id":"connection_175","severity":"debug","subsystem":"network","timestamp_ms":1791090879695}
{"code":"client_connected","fields":{},"message":"Client connection accepted","operation_id":"connection_177","severity":"debug","subsystem":"network","timestamp_ms":1791090879696}
{"code":"client_disconnected","fields":{"reason":"peer_closed"},"message":"Client connection closed","operation_id":"connection_177","severity":"debug","subsystem":"network","timestamp_ms":1791090879700}
{"code":"client_connected","fields":{},"message":"Client connection accepted","operation_id":"connection_179","severity":"debug","subsystem":"network","timestamp_ms":1791090879700}
{"code":"client_disconnected","fields":{"reason":"peer_closed"},"message":"Client connection closed","operation_id":"connection_179","severity":"debug","subsystem":"network","timestamp_ms":1791090879707}
{"code":"client_connected","fields":{},"message":"Client connection accepted","operation_id":"connection_181","severity":"debug","subsystem":"network","timestamp_ms":1791090879707}
{"code":"client_disconnected","fields":{"reason":"peer_closed"},"message":"Client connection closed","operation_id":"connection_181","severity":"debug","subsystem":"network","timestamp_ms":1791090879714}
{"code":"client_connected","fields":{},"message":"Client connection accepted","operation_id":"connection_183","severity":"debug","subsystem":"network","timestamp_ms":1791090879714}
{"code":"client_disconnected","fields":{"reason":"peer_closed"},"message":"Client connection closed","operation_id":"connection_183","severity":"debug","subsystem":"network","timestamp_ms":1791090879721}
{"code":"client_connected","fields":{},"message":"Client connection accepted","operation_id":"connection_185","severity":"debug","subsystem":"network","timestamp_ms":1791090879722}
{"code":"client_disconnected","fields":{"reason":"peer_closed"},"message":"Client connection closed","operation_id":"connection_185","severity":"debug","subsystem":"network","timestamp_ms":1791090879728}
{"code":"client_connected","fields":{},"message":"Client connection accepted","operation_id":"connection_187","severity":"debug","subsystem":"network","timestamp_ms":1791090879729}
{"code":"client_disconnected","fields":{"reason":"peer_closed"},"message":"Client connection closed","operation_id":"connection_187","severity":"debug","subsystem":"network","timestamp_ms":1791090879735}
{"code":"client_connected","fields":{},"message":"Client connection accepted","operation_id":"connection_189","severity":"debug","subsystem":"network","timestamp_ms":1791090879735}
{"code":"client_disconnected","fields":{"reason":"peer_closed"},"message":"Client connection closed","operation_id":"connection_189","severity":"debug","subsystem":"network","timestamp_ms":1791090879742}
{"code":"client_connected","fields":{},"message":"Client connection accepted","operation_id":"connection_191","severity":"debug","subsystem":"network","timestamp_ms":1791090879742}
{"code":"client_disconnected","fields":{"reason":"peer_closed"},"message":"Client connection closed","operation_id":"connection_191","severity":"debug","subsystem":"network","timestamp_ms":1791090879749}
{"code":"client_connected","fields":{},"message":"Client connection accepted","operation_id":"connection_193","severity":"debug","subsystem":"network","timestamp_ms":1791090879750}
{"code":"client_disconnected","fields":{"reason":"peer_closed"},"message":"Client connection closed","operation_id":"connection_193","severity":"debug","subsystem":"network","timestamp_ms":1791090879756}
{"code":"client_connected","fields":{},"message":"Client connection accepted","operation_id":"connection_195","severity":"debug","subsystem":"network","timestamp_ms":1791090879757}
{"code":"client_disconnected","fields":{"reason":"peer_closed"},"message":"Client connection closed","operation_id":"connection_195","severity":"debug","subsystem":"network","timestamp_ms":1791090879764}
{"code":"client_connected","fields":{},"message":"Client connection accepted","operation_id":"connection_197","severity":"debug","subsystem":"network","timestamp_ms":1791090879764}
{"code":"client_disconnected","fields":{"reason":"peer_closed"},"message":"Client connection closed","operation_id":"connection_197","severity":"debug","subsystem":"network","timestamp_ms":1791090879771}
{"code":"client_connected","fields":{},"message":"Client connection accepted","operation_id":"connection_199","severity":"debug","subsystem":"network","timestamp_ms":1791090879772}
{"code":"client_disconnected","fields":{"reason":"peer_closed"},"message":"Client connection closed","operation_id":"connection_199","severity":"debug","subsystem":"network","timestamp_ms":1791090879778}
{"code":"client_connected","fields":{},"message":"Client connection accepted","operation_id":"connection_201","severity":"debug","subsystem":"network","timestamp_ms":1791090879778}
{"code":"client_disconnected","fields":{"reason":"peer_closed"},"message":"Client connection closed","operation_id":"connection_201","severity":"debug","subsystem":"network","timestamp_ms":1791090879786}
{"code":"client_connected","fields":{},"message":"Client connection accepted","operation_id":"connection_203","severity":"debug","subsystem":"network","timestamp_ms":1791090879786}
{"code":"client_disconnected","fields":{"reason":"peer_closed"},"message":"Client connection closed","operation_id":"connection_203","severity":"debug","subsystem":"network","timestamp_ms":1791090879793}
{"code":"client_connected","fields":{},"message":"Client connection accepted","operation_id":"connection_205","severity":"debug","subsystem":"network","timestamp_ms":1791090879794}
{"code":"client_disconnected","fields":{"reason":"peer_closed"},"message":"Client connection closed","operation_id":"connection_205","severity":"debug","subsystem":"network","timestamp_ms":1791090879800}
{"code":"client_connected","fields":{},"message":"Client connection accepted","operation_id":"connection_207","severity":"debug","subsystem":"network","timestamp_ms":1791090879801}
{"code":"client_disconnected","fields":{"reason":"peer_closed"},"message":"Client connection closed","operation_id":"connection_207","severity":"debug","subsystem":"network","timestamp_ms":1791090879808}
{"code":"client_connected","fields":{},"message":"Client connection accepted","operation_id":"connection_209","severity":"debug","subsystem":"network","timestamp_ms":1791090879809}
{"code":"client_disconnected","fields":{"reason":"peer_closed"},"message":"Client connection closed","operation_id":"connection_209","severity":"debug","subsystem":"network","timestamp_ms":1791090879815}
{"code":"client_connected","fields":{},"message":"Client connection accepted","operation_id":"connection_211","severity":"debug","subsystem":"network","timestamp_ms":1791090879816}
{"code":"client_disconnected","fields":{"reason":"peer_closed"},"message":"Client connection closed","operation_id":"connection_211","severity":"debug","subsystem":"network","timestamp_ms":1791090879823}
{"code":"client_connected","fields":{},"message":"Client connection accepted","operation_id":"connection_213","severity":"debug","subsystem":"network","timestamp_ms":1791090879824}
{"code":"client_disconnected","fields":{"reason":"peer_closed"},"message":"Client connection closed","operation_id":"connection_213","severity":"debug","subsystem":"network","timestamp_ms":1791090879831}
{"code":"client_connected","fields":{},"message":"Client connection accepted","operation_id":"connection_215","severity":"debug","subsystem":"network","timestamp_ms":1791090879831}
{"code":"client_disconnected","fields":{"reason":"peer_closed"},"message":"Client connection closed","operation_id":"connection_215","severity":"debug","subsystem":"network","timestamp_ms":1791090879838}
{"code":"client_connected","fields":{},"message":"Client connection accepted","operation_id":"connection_217","severity":"debug","subsystem":"network","timestamp_ms":1791090879839}
{"code":"client_disconnected","fields":{"reason":"peer_closed"},"message":"Client connection closed","operation_id":"connection_217","severity":"debug","subsystem":"network","timestamp_ms":1791090879846}
{"code":"client_connected","fields":{},"message":"Client connection accepted","operation_id":"connection_219","severity":"debug","subsystem":"network","timestamp_ms":1791090879846}
{"code":"client_disconnected","fields":{"reason":"peer_closed"},"message":"Client connection closed","operation_id":"connection_219","severity":"debug","subsystem":"network","timestamp_ms":1791090879850}
{"code":"client_connected","fields":{},"message":"Client connection accepted","operation_id":"connection_221","severity":"debug","subsystem":"network","timestamp_ms":1791090879851}
{"code":"client_disconnected","fields":{"reason":"peer_closed"},"message":"Client connection closed","operation_id":"connection_221","severity":"debug","subsystem":"network","timestamp_ms":1791090879858}
{"code":"client_connected","fields":{},"message":"Client connection accepted","operation_id":"connection_223","severity":"debug","subsystem":"network","timestamp_ms":1791090879859}
{"code":"client_disconnected","fields":{"reason":"peer_closed"},"message":"Client connection closed","operation_id":"connection_223","severity":"debug","subsystem":"network","timestamp_ms":1791090879865}
{"code":"client_connected","fields":{},"message":"Client connection accepted","operation_id":"connection_225","severity":"debug","subsystem":"network","timestamp_ms":1791090879866}
{"code":"client_disconnected","fields":{"reason":"peer_closed"},"message":"Client connection closed","operation_id":"connection_225","severity":"debug","subsystem":"network","timestamp_ms":1791090879873}
{"code":"client_connected","fields":{},"message":"Client connection accepted","operation_id":"connection_227","severity":"debug","subsystem":"network","timestamp_ms":1791090879873}
[MAIN] Starting PacificDB Engine...
[EnvConfig] Loaded 23 configuration entries
{"code":"engine_starting","fields":{"engine_pid":2637095,"engine_version":"1.0.0","instance_id":"engine_50cc65ede028b2d1c75aff8a3e475d72"},"message":"PacificDB engine is starting","operation_id":"engine_50cc65ede028b2d1c75aff8a3e475d72","severity":"info","subsystem":"engine","timestamp_ms":1791090879899}
[MAIN] Data root: /tmp/pacificdb-batch-lock-qHiSU0/data
[MAIN] Root identity: /tmp/pacificdb-batch-lock-qHiSU0/data/.pacificdb-root-identity.json
[MAIN] Root lock: /tmp/pacificdb-batch-lock-qHiSU0/data/.pacificdb-root.lock
[MAIN] WAL dir:   /tmp/pacificdb-batch-lock-qHiSU0/data/wal
[MAIN] SST dir:   /tmp/pacificdb-batch-lock-qHiSU0/data/sst
[MAIN] Backups:   /tmp/pacificdb-batch-lock-qHiSU0/backup

[MAIN] ========== CRASH RECOVERY PHASE ==========
[ENGINE] Data root initialized: /tmp/pacificdb-batch-lock-qHiSU0/data
[LSM] Initialized at: /tmp/pacificdb-batch-lock-qHiSU0/data/

[RECOVERY] Starting 6-phase recovery sequence...
[RECOVERY] Data root: /tmp/pacificdb-batch-lock-qHiSU0/data

[RECOVERY] Phase 1: Lock & Validate Directory
[RECOVERY] Last shutdown was UNCLEAN - crash recovery in progress
[RECOVERY] ✓ Directory locked, clean shutdown flag checked

[RECOVERY] Phase 2: WAL Scan & Truncate
[RECOVERY] ✓ WAL scanned, 0 records found, tail truncated

[RECOVERY] Phase 3: Replay WAL (Committed Only)
[RECOVERY] ✓ WAL ownership assigned without payload materialization

[RECOVERY] Phase 4: Restore Raft State
[RECOVERY] ✓ Raft state restored, currentTerm: 0, commitIndex: 0

[RECOVERY] Phase 5: Snapshot Restore
[RECOVERY] ✓ No snapshot found (normal)

[RECOVERY] Phase 6: Consistency Check
[RECOVERY] Invariants OK: appliedLSN=0, commitIndex=0, currentTerm=0
[RECOVERY] ✓ Consistency check passed

[RECOVERY] ✓✓✓ Recovery complete - node ready for operation ✓✓✓

[MAIN] ✓ Recovery successful, node ready to serve
[ENGINE] Data root initialized: /tmp/pacificdb-batch-lock-qHiSU0/data
[DLOG][CREATE_DB][PATH] user=system db=system base=/tmp/pacificdb-batch-lock-qHiSU0/data/system/system
[ENGINE][CREATE DB] Database already exists; preserving metadata
[ENGINE][CREATE COLLECTION] Already exists: /tmp/pacificdb-batch-lock-qHiSU0/data/system/system/data/users.bin
[LSM] Initialized at: /tmp/pacificdb-batch-lock-qHiSU0/data/
[LSM][RESTORE] Replayed 1100 records from records.wal
[LSM][RESTORE] Replayed 1 WAL files
[ENGINE] No bootstrap admin seeded; set PACIFICDB_BOOTSTRAP_ADMIN_USERNAME and PACIFICDB_BOOTSTRAP_ADMIN_PASSWORD_HASH to create one
[DLOG][CREATE_DB][PATH] user=system db=pacificdb_meta base=/tmp/pacificdb-batch-lock-qHiSU0/data/system/pacificdb_meta
[ENGINE][CREATE DB] Database already exists; preserving metadata
[ENGINE][CREATE COLLECTION] Already exists: /tmp/pacificdb-batch-lock-qHiSU0/data/system/pacificdb_meta/data/projects.bin
[ENGINE][CREATE COLLECTION] Already exists: /tmp/pacificdb-batch-lock-qHiSU0/data/system/pacificdb_meta/data/database_projects.bin
[ENGINE][CREATE COLLECTION] Already exists: /tmp/pacificdb-batch-lock-qHiSU0/data/system/pacificdb_meta/data/media_manifests.bin
[ENGINE][CREATE COLLECTION] Already exists: /tmp/pacificdb-batch-lock-qHiSU0/data/system/pacificdb_meta/data/media_chunks.bin
[ENGINE][CREATE COLLECTION] Already exists: /tmp/pacificdb-batch-lock-qHiSU0/data/system/pacificdb_meta/data/restore_journal.bin
[LIMITER] Initialized - timeout=30s, maxResult=100MB, maxScan=1000000 rows, maxResultDocs=10000
[MEMORY] malloc tuned: M_ARENA_MAX=2, M_TRIM_THRESHOLD=256KB
[MEMORY] Initialized v2.9R - Max: 4096MB, BUSY=80%, THROTTLE=90%, BULK_REJECT=95%, READ_ONLY=98%, poll=1000ms

[MAIN] ========== MVCC INITIALIZATION ==========
[MAIN] ✓ TXIDAllocator initialized, next TXID: 1
[MAIN] ✓ SnapshotManager initialized
[GC] Garbage collector started (interval: 5000ms)
{"code":"media_reconciled","fields":{"expired_uploads":0,"removed_orphans":0,"repaired_progress":0,"reset_verifying":0},"message":"Media upload state reconciled","severity":"info","subsystem":"media","timestamp_ms":1791090879958}
[MAIN] ✓ GarbageCollector started
[LSM] Initialized at: /tmp/pacificdb-batch-lock-qHiSU0/data/
[MEMORY] Monitor thread started
[GC] GC loop started
[LSM] Background maintenance started
[LSM] flush_threads=2 max_concurrent_flushes=2
[WAL] group_commit=enabled
[WAL] group_commit_interval_ms=3
[WAL] group_commit_batch_size=512
[WAL] group_commit_max_bytes=4194304
[WAL] Background flusher started, interval=3ms groupCommit=on

[MAIN] ========== SHARD MANAGER INITIALIZATION ==========
[ShardManager] Loaded 1 shards from /tmp/pacificdb-batch-lock-qHiSU0/data/shard_map.json
[ShardManager] Started with 1 shards
[MAIN] ✓ ShardManager started with dynamic shard allocation
[ShardManager] Registered node diagnostic-1 at 127.0.0.1:36175
[MAIN] Single-node or RAFT_IS_LEADER=true, starting as LEADER
[RAFTCORE] Loaded persisted state term=0 commit=2 applied=2 source=checksummed
[RAFTCORE] Replaying 2 Raft log entries from raft/log.bin maxIndex=2 committedPrefix=2 recoveryMode=checksummed
[DLOG][CREATE_DB][APPLY_REPLICATED_ENTRY] requestId=eng_req_3 user=system db=bench type=binary
[DLOG][CREATE_DB][PATH] user=system db=bench base=/tmp/pacificdb-batch-lock-qHiSU0/data/system/bench
[DLOG][CREATE_COLLECTION][APPLY_REPLICATED_ENTRY] requestId=eng_req_5 user=system db=bench collection=records
[ENGINE][CREATE DB] Database already exists; preserving metadata
[ENGINE][CREATE COLLECTION] Already exists: /tmp/pacificdb-batch-lock-qHiSU0/data/system/bench/data/records.bin
[RAFTCORE] ✅ Raft log replay complete reapplied=2
[RAFTCORE] Worker pool configured initial=1 max=1
[RAFTCORE] Production Raft initialized node=diagnostic-1 leader=true peers=0 configuredWorkers=1 dataRoot=/tmp/pacificdb-batch-lock-qHiSU0/data
[RAFTCORE] Monitor loop waiting 10 seconds for full cluster initialization...
[RAFTCORE] Listener starting on port 46671
[RAFTCORE] apply worker started node=diagnostic-1
[RAFTCORE] Production Raft started (leader=true) mode=2) circuit=0) workers=1
[RAFTCORE] Listener ready on 0.0.0.0:46671[MAIN] standalone_raft_bypass=
true

[MAIN] ========== SERVER STARTUP ==========
[TenantManager] Initialized with 0 tenants
[SERVER] TenantManager initialized for multi-tenant isolation
[DYNAMIC-RESOURCE] ENGINE_CPU_CORES override: 16 -> 2 (concurrency cap)
[DYNAMIC-RESOURCE] CPU Cores: 2 | Target: 90%
[DYNAMIC-RESOURCE] Optimal Workers: 4 | Threads: 64
[DYNAMIC-RESOURCE] Connection Pool: 4-64 threads, queue: 32768
[CONNECTION-POOL] Initializing with 4 min threads, 64 max threads
[CONNECTION-POOL] Started 4 worker threads
[DYNAMIC-RESOURCE] DB Task Queue Partitioned: 4 shards, 2 workers/shard, queue/shard: 131072
[DB-TASK-QUEUE-PARTITIONED] Configured shards=4 workers_per_shard=2 max_queue_per_shard=131072
[SERVER] Listening on 127.0.0.1:36175 with connection pool...
[SERVER] Connection pool: 4-64 threads, max queue: 32768
[SERVER] Admission control: max connections=128 (effective inflight target), queue high watermark=24576
[SERVER] Role: LEADER
{"code":"engine_ready","fields":{"engine_pid":2637095,"host":"127.0.0.1","instance_id":"engine_50cc65ede028b2d1c75aff8a3e475d72","port":36175},"message":"PacificDB engine is ready","operation_id":"engine_50cc65ede028b2d1c75aff8a3e475d72","severity":"info","subsystem":"engine","timestamp_ms":1791090879961}
[SERVER] I/O model: epoll (events=256, accept_batch=256, dispatch_batch=64, coalesce_us=250, priority_scheduler=on)
[RAFTCORE] Inbound RPC pool workers=16 queue=1024
[DB-TASK-QUEUE-SHARDED] Started 2 workers across 1 shards (2 workers per shard), max queue per shard: 131072
[DB-TASK-QUEUE-SHARDED] Started 2 workers across 1 shards (2 workers per shard), max queue per shard: 131072
[DB-TASK-QUEUE-SHARDED] Started 2 workers across 1 shards (2 workers per shard), max queue per shard: 131072
[DB-TASK-QUEUE-SHARDED] Started 2 workers across 1 shards (2 workers per shard), max queue per shard: 131072
[DB-TASK-QUEUE-PARTITIONED] Started with 4 shards, 2 workers per shard, 131072 max queue per shard
{"code":"client_connected","fields":{},"message":"Client connection accepted","operation_id":"connection_1","severity":"debug","subsystem":"network","timestamp_ms":1791090879998}
{"code":"client_disconnected","fields":{"reason":"peer_closed"},"message":"Client connection closed","operation_id":"connection_1","severity":"debug","subsystem":"network","timestamp_ms":1791090879999}
{"code":"client_connected","fields":{},"message":"Client connection accepted","operation_id":"connection_3","severity":"debug","subsystem":"network","timestamp_ms":1791090880000}
{"code":"client_disconnected","fields":{"reason":"peer_closed"},"message":"Client connection closed","operation_id":"connection_3","severity":"debug","subsystem":"network","timestamp_ms":1791090880017}
[SERVER][SHUTDOWN] clients_interrupted elapsed_ms=0
[CONNECTION-POOL] Shutting down...
[CONNECTION-POOL] Total tasks processed: 2
[CONNECTION-POOL] Shutdown complete
[SERVER][SHUTDOWN] connection_pool_stopped elapsed_ms=42
[DB-TASK-QUEUE-SHARDED] Shutdown complete, processed=0
[DB-TASK-QUEUE-SHARDED] Shutdown complete, processed=0
[DB-TASK-QUEUE-SHARDED] Shutdown complete, processed=0
[DB-TASK-QUEUE-SHARDED] Shutdown complete, processed=0
[DB-TASK-QUEUE-PARTITIONED] Shutdown complete, processed=0
[SERVER][SHUTDOWN] db_task_queue_stopped elapsed_ms=44
[SERVER][SHUTDOWN] server_monitors_stopped elapsed_ms=44
{"code":"engine_shutdown_requested","fields":{"instance_id":"engine_50cc65ede028b2d1c75aff8a3e475d72","signal":2},"message":"PacificDB engine shutdown was requested","operation_id":"engine_50cc65ede028b2d1c75aff8a3e475d72","severity":"info","subsystem":"engine","timestamp_ms":1791090880063}
[RAFTCORE] stopping operation workers
[RAFTCORE] apply worker stopped node=diagnostic-1
[RAFTCORE] operation workers stopped elapsed_ms=0
[RAFTCORE] stopping listener
[MAIN] ========== SHUTDOWN PHASE ==========

[RAFTCORE] Listener exiting on port 46671
[RAFTCORE] stopped listener elapsed_ms=0
[RAFTCORE] stopping monitor
[RAFTCORE] stopped monitor elapsed_ms=0
[RAFTCORE] stopping snapshot maintenance
[RAFTCORE] stopped snapshot maintenance elapsed_ms=0
[RAFTCORE] stopping health monitor
[RAFTCORE] stopped health monitor elapsed_ms=1
[RAFTCORE] stopping adaptive controller
[RAFTCORE] stopped adaptive controller elapsed_ms=1
[RAFTCORE] stopping apply worker
[RAFTCORE] stopped apply worker elapsed_ms=1
[RAFTCORE] stopping read barrier
[RAFTCORE] stopped read barrier elapsed_ms=1
[MAIN] ✓ Raft core stopped
[MAIN][SHUTDOWN] raft_stopped elapsed_ms=5
[ShardManager] Stopped
[MAIN] ✓ ShardManager stopped
[GC] GC loop exited
[MAIN][SHUTDOWN] shard_manager_stopped elapsed_ms=1896
[MAIN][SHUTDOWN] garbage_collector_stopped elapsed_ms=1896
[MAIN][SHUTDOWN] lsm_force_flushed elapsed_ms=1896
[GC] Garbage collector stopped (versions collected: 0)
[LSM] Force flushing all memtables...
[LSM] Force flush completed - 0 memtables flushed
[MAIN] ✓ Active LSM memtables force-flushed
[LSM] Background maintenance stopping
[MAIN] ✓ LSM background tasks stopped
[MAIN][SHUTDOWN] lsm_stopped elapsed_ms=1901
[MAIN][SHUTDOWN] wal_stopped elapsed_ms=1901
[MAIN] ✓ WAL flusher stopped
[WAL] Clean shutdown marked at /tmp/pacificdb-batch-lock-qHiSU0/data/.clean_shutdown
[MAIN] ✓ Clean shutdown marker v2 written
[MAIN][SHUTDOWN] clean_marker_written elapsed_ms=1905
[MEMORY] Monitor thread stopped
[MAIN][SHUTDOWN] memory_manager_stopped elapsed_ms=1906
{"code":"engine_shutdown_complete","fields":{"clean_shutdown":true,"instance_id":"engine_50cc65ede028b2d1c75aff8a3e475d72"},"message":"PacificDB engine shutdown completed","operation_id":"engine_50cc65ede028b2d1c75aff8a3e475d72","severity":"info","subsystem":"engine","timestamp_ms":1791090881969}
[MAIN] Shutdown complete after signal 2
